Component: ARM Compiler 5.06 update 5 (build 528) Tool: armlink [4d35e2]

==============================================================================

Section Cross References

    startup_stm32h723xx.o(RESET) refers to startup_stm32h723xx.o(STACK) for __initial_sp
    startup_stm32h723xx.o(RESET) refers to startup_stm32h723xx.o(.text) for Reset_Handler
    startup_stm32h723xx.o(RESET) refers to stm32h7xx_it.o(i.NMI_Handler) for NMI_Handler
    startup_stm32h723xx.o(RESET) refers to stm32h7xx_it.o(i.HardFault_Handler) for HardFault_Handler
    startup_stm32h723xx.o(RESET) refers to stm32h7xx_it.o(i.MemManage_Handler) for MemManage_Handler
    startup_stm32h723xx.o(RESET) refers to stm32h7xx_it.o(i.BusFault_Handler) for BusFault_Handler
    startup_stm32h723xx.o(RESET) refers to stm32h7xx_it.o(i.UsageFault_Handler) for UsageFault_Handler
    startup_stm32h723xx.o(RESET) refers to port.o(.emb_text) for SVC_Handler
    startup_stm32h723xx.o(RESET) refers to stm32h7xx_it.o(i.DebugMon_Handler) for DebugMon_Handler
    startup_stm32h723xx.o(RESET) refers to cmsis_os2.o(i.SysTick_Handler) for SysTick_Handler
    startup_stm32h723xx.o(RESET) refers to stm32h7xx_it.o(i.DMA1_Stream0_IRQHandler) for DMA1_Stream0_IRQHandler
    startup_stm32h723xx.o(RESET) refers to stm32h7xx_it.o(i.DMA1_Stream1_IRQHandler) for DMA1_Stream1_IRQHandler
    startup_stm32h723xx.o(RESET) refers to stm32h7xx_it.o(i.DMA1_Stream2_IRQHandler) for DMA1_Stream2_IRQHandler
    startup_stm32h723xx.o(RESET) refers to stm32h7xx_it.o(i.DMA1_Stream3_IRQHandler) for DMA1_Stream3_IRQHandler
    startup_stm32h723xx.o(RESET) refers to stm32h7xx_it.o(i.TIM2_IRQHandler) for TIM2_IRQHandler
    startup_stm32h723xx.o(RESET) refers to stm32h7xx_it.o(i.TIM3_IRQHandler) for TIM3_IRQHandler
    startup_stm32h723xx.o(RESET) refers to stm32h7xx_it.o(i.TIM4_IRQHandler) for TIM4_IRQHandler
    startup_stm32h723xx.o(RESET) refers to stm32h7xx_it.o(i.USART1_IRQHandler) for USART1_IRQHandler
    startup_stm32h723xx.o(RESET) refers to stm32h7xx_it.o(i.USART2_IRQHandler) for USART2_IRQHandler
    startup_stm32h723xx.o(RESET) refers to stm32h7xx_it.o(i.USART3_IRQHandler) for USART3_IRQHandler
    startup_stm32h723xx.o(RESET) refers to stm32h7xx_it.o(i.TIM5_IRQHandler) for TIM5_IRQHandler
    startup_stm32h723xx.o(RESET) refers to stm32h7xx_it.o(i.DCMI_PSSI_IRQHandler) for DCMI_PSSI_IRQHandler
    startup_stm32h723xx.o(RESET) refers to stm32h7xx_it.o(i.TIM17_IRQHandler) for TIM17_IRQHandler
    startup_stm32h723xx.o(.text) refers to system_stm32h7xx.o(i.ExitRun0Mode) for ExitRun0Mode
    startup_stm32h723xx.o(.text) refers to system_stm32h7xx.o(i.SystemInit) for SystemInit
    startup_stm32h723xx.o(.text) refers to entry.o(.ARM.Collect$$$$00000000) for __main
    main.o(i.HAL_TIM_PeriodElapsedCallback) refers to stm32h7xx_hal.o(i.HAL_IncTick) for HAL_IncTick
    main.o(i.SystemClock_Config) refers to memseta.o(.text) for __aeabi_memclr4
    main.o(i.SystemClock_Config) refers to stm32h7xx_hal_pwr_ex.o(i.HAL_PWREx_ConfigSupply) for HAL_PWREx_ConfigSupply
    main.o(i.SystemClock_Config) refers to stm32h7xx_hal_rcc.o(i.HAL_RCC_OscConfig) for HAL_RCC_OscConfig
    main.o(i.SystemClock_Config) refers to stm32h7xx_hal_rcc.o(i.HAL_RCC_ClockConfig) for HAL_RCC_ClockConfig
    main.o(i.main) refers to stm32h7xx_hal_cortex.o(i.HAL_MPU_Disable) for HAL_MPU_Disable
    main.o(i.main) refers to stm32h7xx_hal_cortex.o(i.HAL_MPU_ConfigRegion) for HAL_MPU_ConfigRegion
    main.o(i.main) refers to stm32h7xx_hal_cortex.o(i.HAL_MPU_Enable) for HAL_MPU_Enable
    main.o(i.main) refers to stm32h7xx_hal.o(i.HAL_Init) for HAL_Init
    main.o(i.main) refers to main.o(i.SystemClock_Config) for SystemClock_Config
    main.o(i.main) refers to gpio.o(i.MX_GPIO_Init) for MX_GPIO_Init
    main.o(i.main) refers to dma.o(i.MX_DMA_Init) for MX_DMA_Init
    main.o(i.main) refers to dcmi.o(i.MX_DCMI_Init) for MX_DCMI_Init
    main.o(i.main) refers to usart.o(i.MX_USART1_UART_Init) for MX_USART1_UART_Init
    main.o(i.main) refers to tim.o(i.MX_TIM7_Init) for MX_TIM7_Init
    main.o(i.main) refers to spi.o(i.MX_SPI4_Init) for MX_SPI4_Init
    main.o(i.main) refers to usart.o(i.MX_USART3_UART_Init) for MX_USART3_UART_Init
    main.o(i.main) refers to tim.o(i.MX_TIM2_Init) for MX_TIM2_Init
    main.o(i.main) refers to tim.o(i.MX_TIM3_Init) for MX_TIM3_Init
    main.o(i.main) refers to tim.o(i.MX_TIM4_Init) for MX_TIM4_Init
    main.o(i.main) refers to tim.o(i.MX_TIM5_Init) for MX_TIM5_Init
    main.o(i.main) refers to tim.o(i.MX_TIM23_Init) for MX_TIM23_Init
    main.o(i.main) refers to tim.o(i.MX_TIM6_Init) for MX_TIM6_Init
    main.o(i.main) refers to i2c.o(i.MX_I2C1_Init) for MX_I2C1_Init
    main.o(i.main) refers to usart.o(i.MX_USART2_UART_Init) for MX_USART2_UART_Init
    main.o(i.main) refers to bsp_system.o(i.bsp_init) for bsp_init
    main.o(i.main) refers to cmsis_os2.o(i.osKernelInitialize) for osKernelInitialize
    main.o(i.main) refers to freertos.o(i.MX_FREERTOS_Init) for MX_FREERTOS_Init
[...]
    OTG_HS_EP1_IN_IRQHandler                 0x080003bf   Thumb Code     0  startup_stm32h723xx.o(.text)
    OTG_HS_EP1_OUT_IRQHandler                0x080003bf   Thumb Code     0  startup_stm32h723xx.o(.text)
    OTG_HS_IRQHandler                        0x080003bf   Thumb Code     0  startup_stm32h723xx.o(.text)
    OTG_HS_WKUP_IRQHandler                   0x080003bf   Thumb Code     0  startup_stm32h723xx.o(.text)
    PVD_AVD_IRQHandler                       0x080003bf   Thumb Code     0  startup_stm32h723xx.o(.text)
    RCC_IRQHandler                           0x080003bf   Thumb Code     0  startup_stm32h723xx.o(.text)
    RNG_IRQHandler                           0x080003bf   Thumb Code     0  startup_stm32h723xx.o(.text)
    RTC_Alarm_IRQHandler                     0x080003bf   Thumb Code     0  startup_stm32h723xx.o(.text)
    RTC_WKUP_IRQHandler                      0x080003bf   Thumb Code     0  startup_stm32h723xx.o(.text)
    SAI1_IRQHandler                          0x080003bf   Thumb Code     0  startup_stm32h723xx.o(.text)
    SAI4_IRQHandler                          0x080003bf   Thumb Code     0  startup_stm32h723xx.o(.text)
    SDMMC1_IRQHandler                        0x080003bf   Thumb Code     0  startup_stm32h723xx.o(.text)
    SDMMC2_IRQHandler                        0x080003bf   Thumb Code     0  startup_stm32h723xx.o(.text)
    SPDIF_RX_IRQHandler                      0x080003bf   Thumb Code     0  startup_stm32h723xx.o(.text)
    SPI1_IRQHandler                          0x080003bf   Thumb Code     0  startup_stm32h723xx.o(.text)
    SPI2_IRQHandler                          0x080003bf   Thumb Code     0  startup_stm32h723xx.o(.text)
    SPI3_IRQHandler                          0x080003bf   Thumb Code     0  startup_stm32h723xx.o(.text)
    SPI4_IRQHandler                          0x080003bf   Thumb Code     0  startup_stm32h723xx.o(.text)
    SPI5_IRQHandler                          0x080003bf   Thumb Code     0  startup_stm32h723xx.o(.text)
    SPI6_IRQHandler                          0x080003bf   Thumb Code     0  startup_stm32h723xx.o(.text)
    SWPMI1_IRQHandler                        0x080003bf   Thumb Code     0  startup_stm32h723xx.o(.text)
    TAMP_STAMP_IRQHandler                    0x080003bf   Thumb Code     0  startup_stm32h723xx.o(.text)
    TIM15_IRQHandler                         0x080003bf   Thumb Code     0  startup_stm32h723xx.o(.text)
    TIM16_IRQHandler                         0x080003bf   Thumb Code     0  startup_stm32h723xx.o(.text)
    TIM1_BRK_IRQHandler                      0x080003bf   Thumb Code     0  startup_stm32h723xx.o(.text)
    TIM1_CC_IRQHandler                       0x080003bf   Thumb Code     0  startup_stm32h723xx.o(.text)
    TIM1_TRG_COM_IRQHandler                  0x080003bf   Thumb Code     0  startup_stm32h723xx.o(.text)
    TIM1_UP_IRQHandler                       0x080003bf   Thumb Code     0  startup_stm32h723xx.o(.text)
    TIM23_IRQHandler                         0x080003bf   Thumb Code     0  startup_stm32h723xx.o(.text)
    TIM24_IRQHandler                         0x080003bf   Thumb Code     0  startup_stm32h723xx.o(.text)
    TIM6_DAC_IRQHandler                      0x080003bf   Thumb Code     0  startup_stm32h723xx.o(.text)
    TIM7_IRQHandler                          0x080003bf   Thumb Code     0  startup_stm32h723xx.o(.text)
    TIM8_BRK_TIM12_IRQHandler                0x080003bf   Thumb Code     0  startup_stm32h723xx.o(.text)
    TIM8_CC_IRQHandler                       0x080003bf   Thumb Code     0  startup_stm32h723xx.o(.text)
    TIM8_TRG_COM_TIM14_IRQHandler            0x080003bf   Thumb Code     0  startup_stm32h723xx.o(.text)
    TIM8_UP_TIM13_IRQHandler                 0x080003bf   Thumb Code     0  startup_stm32h723xx.o(.text)
    UART4_IRQHandler                         0x080003bf   Thumb Code     0  startup_stm32h723xx.o(.text)
    UART5_IRQHandler                         0x080003bf   Thumb Code     0  startup_stm32h723xx.o(.text)
    UART7_IRQHandler                         0x080003bf   Thumb Code     0  startup_stm32h723xx.o(.text)
    UART8_IRQHandler                         0x080003bf   Thumb Code     0  startup_stm32h723xx.o(.text)
    UART9_IRQHandler                         0x080003bf   Thumb Code     0  startup_stm32h723xx.o(.text)
    USART10_IRQHandler                       0x080003bf   Thumb Code     0  startup_stm32h723xx.o(.text)
    USART6_IRQHandler                        0x080003bf   Thumb Code     0  startup_stm32h723xx.o(.text)
    WAKEUP_PIN_IRQHandler                    0x080003bf   Thumb Code     0  startup_stm32h723xx.o(.text)
    WWDG_IRQHandler                          0x080003bf   Thumb Code     0  startup_stm32h723xx.o(.text)
    __aeabi_uldivmod                         0x080003cd   Thumb Code    98  uldiv.o(.text)
    __aeabi_memcpy                           0x0800042f   Thumb Code    36  memcpya.o(.text)
    __aeabi_memcpy4                          0x0800042f   Thumb Code     0  memcpya.o(.text)
    __aeabi_memcpy8                          0x0800042f   Thumb Code     0  memcpya.o(.text)
    __aeabi_memset                           0x08000453   Thumb Code    14  memseta.o(.text)
    __aeabi_memset4                          0x08000453   Thumb Code     0  memseta.o(.text)
    __aeabi_memset8                          0x08000453   Thumb Code     0  memseta.o(.text)
    __aeabi_memclr                           0x08000461   Thumb Code     4  memseta.o(.text)
    __aeabi_memclr4                          0x08000461   Thumb Code     0  memseta.o(.text)
    __aeabi_memclr8                          0x08000461   Thumb Code     0  memseta.o(.text)
    memset                                   0x08000465   Thumb Code    18  memseta.o(.text)
    strncpy                                  0x08000477   Thumb Code    24  strncpy.o(.text)
    strlen                                   0x0800048f   Thumb Code    14  strlen.o(.text)
    strcmp                                   0x0800049d   Thumb Code    28  strcmp.o(.text)
    __aeabi_uidiv                            0x080004b9   Thumb Code     0  uidiv.o(.text)
    __aeabi_uidivmod                         0x080004b9   Thumb Code    44  uidiv.o(.text)
    __aeabi_llsl                             0x080004e5   Thumb Code    30  llshl.o(.text)
    _ll_shift_l                              0x080004e5   Thumb Code     0  llshl.o(.text)
    __aeabi_llsr                             0x08000503   Thumb Code    32  llushr.o(.text)
    _ll_ushift_r                             0x08000503   Thumb Code     0  llushr.o(.text)
    __I$use$fp                               0x08000523   Thumb Code     0  iusefp.o(.text)
    __aeabi_dadd                             0x08000523   Thumb Code   322  dadd.o(.text)
    __aeabi_dsub                             0x08000665   Thumb Code     6  dadd.o(.text)
    __aeabi_drsub                            0x0800066b   Thumb Code     6  dadd.o(.text)
    __aeabi_dmul                             0x08000671   Thumb Code   228  dmul.o(.text)
    __aeabi_ddiv                             0x08000755   Thumb Code   222  ddiv.o(.text)
    __aeabi_d2ulz                            0x08000833   Thumb Code    48  dfixul.o(.text)
    __aeabi_cdrcmple                         0x08000865   Thumb Code    48  cdrcmple.o(.text)
    __scatterload                            0x08000895   Thumb Code    28  init.o(.text)
    __scatterload_rt2                        0x08000895   Thumb Code     0  init.o(.text)
    __aeabi_lasr                             0x080008b9   Thumb Code    36  llsshr.o(.text)
    _ll_sshift_r                             0x080008b9   Thumb Code     0  llsshr.o(.text)
    _double_round                            0x080008dd   Thumb Code    30  depilogue.o(.text)
    _double_epilogue                         0x080008fb   Thumb Code   156  depilogue.o(.text)
    __decompress                             0x08000997   Thumb Code     0  __dclz77c.o(.text)
    __decompress2                            0x08000997   Thumb Code    94  __dclz77c.o(.text)
    AHT20_Init                               0x080009f5   Thumb Code    56  aht20.o(i.AHT20_Init)
    AHT20_Read                               0x08000a35   Thumb Code   188  aht20.o(i.AHT20_Read)
    BusFault_Handler                         0x08000b1d   Thumb Code     2  stm32h7xx_it.o(i.BusFault_Handler)
    DCMI_PSSI_IRQHandler                     0x08000bc5   Thumb Code     6  stm32h7xx_it.o(i.DCMI_PSSI_IRQHandler)
    DMA1_Stream0_IRQHandler                  0x08000bd1   Thumb Code     6  stm32h7xx_it.o(i.DMA1_Stream0_IRQHandler)
    DMA1_Stream1_IRQHandler                  0x08000bdd   Thumb Code     6  stm32h7xx_it.o(i.DMA1_Stream1_IRQHandler)
    DMA1_Stream2_IRQHandler                  0x08000be9   Thumb Code     6  stm32h7xx_it.o(i.DMA1_Stream2_IRQHandler)
    DMA1_Stream3_IRQHandler                  0x08000bf5   Thumb Code     6  stm32h7xx_it.o(i.DMA1_Stream3_IRQHandler)
    DebugMon_Handler                         0x080010d9   Thumb Code     2  stm32h7xx_it.o(i.DebugMon_Handler)
    Error_Handler                            0x080010db   Thumb Code     4  main.o(i.Error_Handler)
    ExitRun0Mode                             0x080010e1   Thumb Code    22  system_stm32h7xx.o(i.ExitRun0Mode)
    HAL_DCMI_ErrorCallback                   0x080010fd   Thumb Code     2  stm32h7xx_hal_dcmi.o(i.HAL_DCMI_ErrorCallback)
    HAL_DCMI_FrameEventCallback              0x08001101   Thumb Code    18  camera_run.o(i.HAL_DCMI_FrameEventCallback)
    HAL_DCMI_IRQHandler                      0x08001119   Thumb Code   152  stm32h7xx_hal_dcmi.o(i.HAL_DCMI_IRQHandler)
    HAL_DCMI_Init                            0x080011b5   Thumb Code   152  stm32h7xx_hal_dcmi.o(i.HAL_DCMI_Init)
    HAL_DCMI_LineEventCallback               0x08001251   Thumb Code     2  stm32h7xx_hal_dcmi.o(i.HAL_DCMI_LineEventCallback)
    HAL_DCMI_MspInit                         0x08001255   Thumb Code   298  dcmi.o(i.HAL_DCMI_MspInit)
    HAL_DCMI_Start_DMA                       0x080013a5   Thumb Code   226  stm32h7xx_hal_dcmi.o(i.HAL_DCMI_Start_DMA)
    HAL_DCMI_Stop                            0x08001491   Thumb Code   112  stm32h7xx_hal_dcmi.o(i.HAL_DCMI_Stop)
    HAL_DCMI_VsyncEventCallback              0x08001505   Thumb Code     2  stm32h7xx_hal_dcmi.o(i.HAL_DCMI_VsyncEventCallback)
    HAL_DMAEx_ChangeMemory                   0x08001509   Thumb Code   134  stm32h7xx_hal_dma_ex.o(i.HAL_DMAEx_ChangeMemory)
    HAL_DMAEx_MultiBufferStart_IT            0x08001599   Thumb Code  1128  stm32h7xx_hal_dma_ex.o(i.HAL_DMAEx_MultiBufferStart_IT)
    HAL_DMA_Abort                            0x08001a01   Thumb Code   836  stm32h7xx_hal_dma.o(i.HAL_DMA_Abort)
    HAL_DMA_Abort_IT                         0x08001d61   Thumb Code   602  stm32h7xx_hal_dma.o(i.HAL_DMA_Abort_IT)
    HAL_DMA_IRQHandler                       0x08001fe5   Thumb Code  1756  stm32h7xx_hal_dma.o(i.HAL_DMA_IRQHandler)
    HAL_DMA_Init                             0x080026cd   Thumb Code   922  stm32h7xx_hal_dma.o(i.HAL_DMA_Init)
    HAL_DMA_Start_IT                         0x08002a89   Thumb Code   628  stm32h7xx_hal_dma.o(i.HAL_DMA_Start_IT)
    HAL_Delay                                0x08002d25   Thumb Code    32  stm32h7xx_hal.o(i.HAL_Delay)
    HAL_GPIO_Init                            0x08002d49   Thumb Code   496  stm32h7xx_hal_gpio.o(i.HAL_GPIO_Init)
    HAL_GPIO_ReadPin                         0x08002f65   Thumb Code    10  stm32h7xx_hal_gpio.o(i.HAL_GPIO_ReadPin)
    HAL_GPIO_WritePin                        0x08002f6f   Thumb Code    10  stm32h7xx_hal_gpio.o(i.HAL_GPIO_WritePin)
    HAL_GetTick                              0x08002f79   Thumb Code     6  stm32h7xx_hal.o(i.HAL_GetTick)
    HAL_I2CEx_ConfigAnalogFilter             0x08002f85   Thumb Code    88  stm32h7xx_hal_i2c_ex.o(i.HAL_I2CEx_ConfigAnalogFilter)
    HAL_I2CEx_ConfigDigitalFilter            0x08002fdd   Thumb Code    84  stm32h7xx_hal_i2c_ex.o(i.HAL_I2CEx_ConfigDigitalFilter)
    HAL_I2C_Init                             0x08003031   Thumb Code   186  stm32h7xx_hal_i2c.o(i.HAL_I2C_Init)
    HAL_I2C_Master_Receive                   0x080030f1   Thumb Code   282  stm32h7xx_hal_i2c.o(i.HAL_I2C_Master_Receive)
    HAL_I2C_Master_Transmit                  0x08003215   Thumb Code   324  stm32h7xx_hal_i2c.o(i.HAL_I2C_Master_Transmit)
    HAL_I2C_MspInit                          0x08003361   Thumb Code   122  i2c.o(i.HAL_I2C_MspInit)
    HAL_IncTick                              0x080033e9   Thumb Code    12  stm32h7xx_hal.o(i.HAL_IncTick)
    HAL_Init                                 0x080033f9   Thumb Code    74  stm32h7xx_hal.o(i.HAL_Init)
    HAL_InitTick                             0x08003455   Thumb Code   110  stm32h7xx_hal_timebase_tim.o(i.HAL_InitTick)
    HAL_MPU_ConfigRegion                     0x080034d9   Thumb Code    86  stm32h7xx_hal_cortex.o(i.HAL_MPU_ConfigRegion)
    HAL_MPU_Disable                          0x08003535   Thumb Code    24  stm32h7xx_hal_cortex.o(i.HAL_MPU_Disable)
    HAL_MPU_Enable                           0x08003551   Thumb Code    30  stm32h7xx_hal_cortex.o(i.HAL_MPU_Enable)
    HAL_MspInit                              0x08003575   Thumb Code    32  stm32h7xx_hal_msp.o(i.HAL_MspInit)
    HAL_NVIC_EnableIRQ                       0x08003599   Thumb Code    26  stm32h7xx_hal_cortex.o(i.HAL_NVIC_EnableIRQ)
    HAL_NVIC_SetPriority                     0x080035b5   Thumb Code    60  stm32h7xx_hal_cortex.o(i.HAL_NVIC_SetPriority)
    HAL_NVIC_SetPriorityGrouping             0x080035f5   Thumb Code    28  stm32h7xx_hal_cortex.o(i.HAL_NVIC_SetPriorityGrouping)
    HAL_PWREx_ConfigSupply                   0x08003619   Thumb Code    78  stm32h7xx_hal_pwr_ex.o(i.HAL_PWREx_ConfigSupply)
    HAL_RCCEx_GetD3PCLK1Freq                 0x0800366d   Thumb Code    26  stm32h7xx_hal_rcc_ex.o(i.HAL_RCCEx_GetD3PCLK1Freq)
    HAL_RCCEx_GetPLL2ClockFreq               0x08003691   Thumb Code   296  stm32h7xx_hal_rcc_ex.o(i.HAL_RCCEx_GetPLL2ClockFreq)
    HAL_RCCEx_GetPLL3ClockFreq               0x080037d5   Thumb Code   296  stm32h7xx_hal_rcc_ex.o(i.HAL_RCCEx_GetPLL3ClockFreq)
    HAL_RCCEx_PeriphCLKConfig                0x08003919   Thumb Code  2362  stm32h7xx_hal_rcc_ex.o(i.HAL_RCCEx_PeriphCLKConfig)
    HAL_RCC_ClockConfig                      0x08004255   Thumb Code   580  stm32h7xx_hal_rcc.o(i.HAL_RCC_ClockConfig)
    HAL_RCC_GetClockConfig                   0x080044b1   Thumb Code    84  stm32h7xx_hal_rcc.o(i.HAL_RCC_GetClockConfig)
    HAL_RCC_GetHCLKFreq                      0x0800450d   Thumb Code    52  stm32h7xx_hal_rcc.o(i.HAL_RCC_GetHCLKFreq)
    HAL_RCC_GetPCLK1Freq                     0x08004551   Thumb Code    26  stm32h7xx_hal_rcc.o(i.HAL_RCC_GetPCLK1Freq)
    HAL_RCC_GetPCLK2Freq                     0x08004575   Thumb Code    26  stm32h7xx_hal_rcc.o(i.HAL_RCC_GetPCLK2Freq)
    HAL_RCC_GetSysClockFreq                  0x08004599   Thumb Code   278  stm32h7xx_hal_rcc.o(i.HAL_RCC_GetSysClockFreq)
    HAL_RCC_OscConfig                        0x080046d1   Thumb Code  1318  stm32h7xx_hal_rcc.o(i.HAL_RCC_OscConfig)
    HAL_SPI_Init                             0x08004bf9   Thumb Code   366  stm32h7xx_hal_spi.o(i.HAL_SPI_Init)
    HAL_SPI_MspInit                          0x08004d75   Thumb Code   166  spi.o(i.HAL_SPI_MspInit)
    HAL_SPI_Transmit                         0x08004e29   Thumb Code   578  stm32h7xx_hal_spi.o(i.HAL_SPI_Transmit)
    HAL_TIMEx_Break2Callback                 0x0800506b   Thumb Code     2  stm32h7xx_hal_tim_ex.o(i.HAL_TIMEx_Break2Callback)
    HAL_TIMEx_BreakCallback                  0x0800506d   Thumb Code     2  stm32h7xx_hal_tim_ex.o(i.HAL_TIMEx_BreakCallback)
    HAL_TIMEx_CommutCallback                 0x0800506f   Thumb Code     2  stm32h7xx_hal_tim_ex.o(i.HAL_TIMEx_CommutCallback)
    HAL_TIMEx_MasterConfigSynchronization    0x08005071   Thumb Code   146  stm32h7xx_hal_tim_ex.o(i.HAL_TIMEx_MasterConfigSynchronization)
    HAL_TIM_Base_Init                        0x08005129   Thumb Code    98  stm32h7xx_hal_tim.o(i.HAL_TIM_Base_Init)
    HAL_TIM_Base_MspInit                     0x0800518d   Thumb Code    78  tim.o(i.HAL_TIM_Base_MspInit)
    HAL_TIM_Base_Start                       0x080051ed   Thumb Code   108  stm32h7xx_hal_tim.o(i.HAL_TIM_Base_Start)
    HAL_TIM_Base_Start_IT                    0x08005281   Thumb Code   118  stm32h7xx_hal_tim.o(i.HAL_TIM_Base_Start_IT)
    HAL_TIM_Base_Stop                        0x08005321   Thumb Code    38  stm32h7xx_hal_tim.o(i.HAL_TIM_Base_Stop)
    HAL_TIM_ConfigClockSource                0x08005349   Thumb Code   248  stm32h7xx_hal_tim.o(i.HAL_TIM_ConfigClockSource)
    HAL_TIM_Encoder_Init                     0x08005445   Thumb Code   182  stm32h7xx_hal_tim.o(i.HAL_TIM_Encoder_Init)
    HAL_TIM_Encoder_MspInit                  0x08005501   Thumb Code   390  tim.o(i.HAL_TIM_Encoder_MspInit)
    HAL_TIM_Encoder_Start                    0x080056a5   Thumb Code   142  stm32h7xx_hal_tim.o(i.HAL_TIM_Encoder_Start)
    HAL_TIM_Encoder_Start_IT                 0x08005733   Thumb Code   184  stm32h7xx_hal_tim.o(i.HAL_TIM_Encoder_Start_IT)
    HAL_TIM_IC_CaptureCallback               0x080057ed   Thumb Code   272  mytim.o(i.HAL_TIM_IC_CaptureCallback)
    HAL_TIM_IRQHandler                       0x0800591d   Thumb Code   328  stm32h7xx_hal_tim.o(i.HAL_TIM_IRQHandler)
    HAL_TIM_MspPostInit                      0x08005a65   Thumb Code   100  tim.o(i.HAL_TIM_MspPostInit)
    HAL_TIM_OC_DelayElapsedCallback          0x08005ad9   Thumb Code     2  stm32h7xx_hal_tim.o(i.HAL_TIM_OC_DelayElapsedCallback)
    HAL_TIM_PWM_ConfigChannel                0x08005adb   Thumb Code   292  stm32h7xx_hal_tim.o(i.HAL_TIM_PWM_ConfigChannel)
    HAL_TIM_PWM_Init                         0x08005bff   Thumb Code    98  stm32h7xx_hal_tim.o(i.HAL_TIM_PWM_Init)
    HAL_TIM_PWM_MspInit                      0x08005c61   Thumb Code     2  stm32h7xx_hal_tim.o(i.HAL_TIM_PWM_MspInit)
    HAL_TIM_PWM_PulseFinishedCallback        0x08005c63   Thumb Code     2  stm32h7xx_hal_tim.o(i.HAL_TIM_PWM_PulseFinishedCallback)
    HAL_TIM_PWM_Start                        0x08005c65   Thumb Code   244  stm32h7xx_hal_tim.o(i.HAL_TIM_PWM_Start)
    HAL_TIM_PeriodElapsedCallback            0x08005d89   Thumb Code    14  main.o(i.HAL_TIM_PeriodElapsedCallback)
    HAL_TIM_TriggerCallback                  0x08005d9d   Thumb Code     2  stm32h7xx_hal_tim.o(i.HAL_TIM_TriggerCallback)
    HAL_UARTEx_DisableFifoMode               0x08005d9f   Thumb Code    64  stm32h7xx_hal_uart_ex.o(i.HAL_UARTEx_DisableFifoMode)
    HAL_UARTEx_ReceiveToIdle_DMA             0x08005ddf   Thumb Code    74  stm32h7xx_hal_uart_ex.o(i.HAL_UARTEx_ReceiveToIdle_DMA)
    HAL_UARTEx_RxEventCallback               0x08005e29   Thumb Code    66  myusart.o(i.HAL_UARTEx_RxEventCallback)
    HAL_UARTEx_RxFifoFullCallback            0x08005e7d   Thumb Code     2  stm32h7xx_hal_uart_ex.o(i.HAL_UARTEx_RxFifoFullCallback)
    HAL_UARTEx_SetRxFifoThreshold            0x08005e7f   Thumb Code    76  stm32h7xx_hal_uart_ex.o(i.HAL_UARTEx_SetRxFifoThreshold)
    HAL_UARTEx_SetTxFifoThreshold            0x08005ecb   Thumb Code    76  stm32h7xx_hal_uart_ex.o(i.HAL_UARTEx_SetTxFifoThreshold)
    HAL_UARTEx_TxFifoEmptyCallback           0x08005f17   Thumb Code     2  stm32h7xx_hal_uart_ex.o(i.HAL_UARTEx_TxFifoEmptyCallback)
    HAL_UARTEx_WakeupCallback                0x08005f19   Thumb Code     2  stm32h7xx_hal_uart_ex.o(i.HAL_UARTEx_WakeupCallback)
    HAL_UART_ErrorCallback                   0x08005f1b   Thumb Code     2  stm32h7xx_hal_uart.o(i.HAL_UART_ErrorCallback)
    HAL_UART_IRQHandler                      0x08005f1d   Thumb Code   898  stm32h7xx_hal_uart.o(i.HAL_UART_IRQHandler)
    HAL_UART_Init                            0x080062b9   Thumb Code   106  stm32h7xx_hal_uart.o(i.HAL_UART_Init)
    HAL_UART_MspInit                         0x08006325   Thumb Code   496  usart.o(i.HAL_UART_MspInit)
    HAL_UART_RxCpltCallback                  0x08006539   Thumb Code     2  stm32h7xx_hal_uart.o(i.HAL_UART_RxCpltCallback)
    HAL_UART_RxHalfCpltCallback              0x0800653b   Thumb Code     2  stm32h7xx_hal_uart.o(i.HAL_UART_RxHalfCpltCallback)
    HAL_UART_Transmit                        0x0800653d   Thumb Code   176  stm32h7xx_hal_uart.o(i.HAL_UART_Transmit)
    HAL_UART_TxCpltCallback                  0x080065ed   Thumb Code     2  stm32h7xx_hal_uart.o(i.HAL_UART_TxCpltCallback)
    HardFault_Handler                        0x080065ef   Thumb Code     2  stm32h7xx_it.o(i.HardFault_Handler)
    JPEG_run                                 0x0800692d   Thumb Code   274  camera_run.o(i.JPEG_run)
    MX_DCMI_Init                             0x08006a51   Thumb Code    54  dcmi.o(i.MX_DCMI_Init)
    MX_DMA_Init                              0x08006a91   Thumb Code    88  dma.o(i.MX_DMA_Init)
    MX_FREERTOS_Init                         0x08006aed   Thumb Code    88  freertos.o(i.MX_FREERTOS_Init)
    MX_GPIO_Init                             0x08006b61   Thumb Code   242  gpio.o(i.MX_GPIO_Init)
    MX_I2C1_Init                             0x08006c61   Thumb Code    76  i2c.o(i.MX_I2C1_Init)
    MX_SPI4_Init                             0x08006cb9   Thumb Code    80  spi.o(i.MX_SPI4_Init)
    MX_TIM23_Init                            0x08006d11   Thumb Code   200  tim.o(i.MX_TIM23_Init)
    MX_TIM2_Init                             0x08006de1   Thumb Code    94  tim.o(i.MX_TIM2_Init)
    MX_TIM3_Init                             0x08006e45   Thumb Code    94  tim.o(i.MX_TIM3_Init)
    MX_TIM4_Init                             0x08006ead   Thumb Code    94  tim.o(i.MX_TIM4_Init)
    MX_TIM5_Init                             0x08006f15   Thumb Code    94  tim.o(i.MX_TIM5_Init)
    MX_TIM6_Init                             0x08006f7d   Thumb Code    66  tim.o(i.MX_TIM6_Init)
    MX_TIM7_Init                             0x08006fc9   Thumb Code    64  tim.o(i.MX_TIM7_Init)
    MX_USART1_UART_Init                      0x08007011   Thumb Code    94  usart.o(i.MX_USART1_UART_Init)
    MX_USART2_UART_Init                      0x08007079   Thumb Code    94  usart.o(i.MX_USART2_UART_Init)
    MX_USART3_UART_Init                      0x080070e1   Thumb Code    94  usart.o(i.MX_USART3_UART_Init)
    MemManage_Handler                        0x08007149   Thumb Code     2  stm32h7xx_it.o(i.MemManage_Handler)
    NMI_Handler                              0x0800714b   Thumb Code     2  stm32h7xx_it.o(i.NMI_Handler)
    StartDefaultTask                         0x0800748f   Thumb Code     8  freertos.o(i.StartDefaultTask)
    SysTick_Handler                          0x08007497   Thumb Code    26  cmsis_os2.o(i.SysTick_Handler)
    SystemClock_Config                       0x080074b1   Thumb Code   146  main.o(i.SystemClock_Config)
    SystemInit                               0x08007549   Thumb Code   184  system_stm32h7xx.o(i.SystemInit)
    TIM17_IRQHandler                         0x08007621   Thumb Code     6  stm32h7xx_it.o(i.TIM17_IRQHandler)
    TIM2_IRQHandler                          0x0800762d   Thumb Code     6  stm32h7xx_it.o(i.TIM2_IRQHandler)
    TIM3_IRQHandler                          0x08007639   Thumb Code     6  stm32h7xx_it.o(i.TIM3_IRQHandler)
    TIM4_IRQHandler                          0x08007645   Thumb Code     6  stm32h7xx_it.o(i.TIM4_IRQHandler)
    TIM5_IRQHandler                          0x08007651   Thumb Code     6  stm32h7xx_it.o(i.TIM5_IRQHandler)
    TIM_Base_SetConfig                       0x0800765d   Thumb Code   182  stm32h7xx_hal_tim.o(i.TIM_Base_SetConfig)
    TIM_CCxChannelCmd                        0x0800773d   Thumb Code    26  stm32h7xx_hal_tim.o(i.TIM_CCxChannelCmd)
    TIM_ETR_SetConfig                        0x08007757   Thumb Code    18  stm32h7xx_hal_tim.o(i.TIM_ETR_SetConfig)
    TIM_OC2_SetConfig                        0x08007821   Thumb Code   126  stm32h7xx_hal_tim.o(i.TIM_OC2_SetConfig)
    UART_AdvFeatureConfig                    0x08007b3d   Thumb Code   200  stm32h7xx_hal_uart.o(i.UART_AdvFeatureConfig)
    UART_CheckIdleState                      0x08007c05   Thumb Code   170  stm32h7xx_hal_uart.o(i.UART_CheckIdleState)
    UART_SetConfig                           0x08007e35   Thumb Code   914  stm32h7xx_hal_uart.o(i.UART_SetConfig)
    UART_Start_Receive_DMA                   0x08008211   Thumb Code   156  stm32h7xx_hal_uart.o(i.UART_Start_Receive_DMA)
    UART_WaitOnFlagUntilTimeout              0x080082b9   Thumb Code   148  stm32h7xx_hal_uart.o(i.UART_WaitOnFlagUntilTimeout)
    USART1_IRQHandler                        0x0800834d   Thumb Code     6  stm32h7xx_it.o(i.USART1_IRQHandler)
    USART2_IRQHandler                        0x08008359   Thumb Code     6  stm32h7xx_it.o(i.USART2_IRQHandler)
    USART3_IRQHandler                        0x08008365   Thumb Code     6  stm32h7xx_it.o(i.USART3_IRQHandler)
    UsageFault_Handler                       0x08008371   Thumb Code     2  stm32h7xx_it.o(i.UsageFault_Handler)
    __0vsprintf                              0x08008375   Thumb Code    30  printfa.o(i.__0vsprintf)
    __1vsprintf                              0x08008375   Thumb Code     0  printfa.o(i.__0vsprintf)
    __2vsprintf                              0x08008375   Thumb Code     0  printfa.o(i.__0vsprintf)
    __c89vsprintf                            0x08008375   Thumb Code     0  printfa.o(i.__0vsprintf)
    vsprintf                                 0x08008375   Thumb Code     0  printfa.o(i.__0vsprintf)
    __scatterload_copy                       0x080083bb   Thumb Code    14  handlers.o(i.__scatterload_copy)
    __scatterload_null                       0x080083c9   Thumb Code     2  handlers.o(i.__scatterload_null)
    __scatterload_zeroinit                   0x080083cb   Thumb Code    14  handlers.o(i.__scatterload_zeroinit)
    aht20_task                               0x08008c95   Thumb Code    20  freertos.o(i.aht20_task)
    bsp_init                                 0x08008ca9   Thumb Code   142  bsp_system.o(i.bsp_init)
    calculate_speed                          0x08008d69   Thumb Code   192  motor_370.o(i.calculate_speed)
    cam_task                                 0x08008e45   Thumb Code    10  freertos.o(i.cam_task)
    camera_JPEG_init                         0x08008e4f   Thumb Code    52  camera_run.o(i.camera_JPEG_init)
    car_init                                 0x08008e85   Thumb Code    50  motor_370.o(i.car_init)
    control_motor_speed                      0x08008ed1   Thumb Code   260  motor_370.o(i.control_motor_speed)
    control_motor_sta                        0x08008fdd   Thumb Code   206  motor_370.o(i.control_motor_sta)
    main                                     0x080090b1   Thumb Code   296  main.o(i.main)
    motor_proc                               0x080091f9   Thumb Code    80  motor_370.o(i.motor_proc)
    motor_task                               0x08009255   Thumb Code    12  freertos.o(i.motor_task)
    mydelay_us                               0x08009261   Thumb Code    54  mytim.o(i.mydelay_us)
    myspi_send                               0x0800929d   Thumb Code    74  myspi.o(i.myspi_send)
    myusart_transmit                         0x080092f1   Thumb Code    42  myusart.o(i.myusart_transmit)
    osDelay                                  0x08009321   Thumb Code    28  cmsis_os2.o(i.osDelay)
    osKernelInitialize                       0x0800933d   Thumb Code    32  cmsis_os2.o(i.osKernelInitialize)
    osKernelStart                            0x08009361   Thumb Code    48  cmsis_os2.o(i.osKernelStart)
    osSemaphoreAcquire                       0x08009399   Thumb Code    92  cmsis_os2.o(i.osSemaphoreAcquire)
    osSemaphoreNew                           0x080093f9   Thumb Code   152  cmsis_os2.o(i.osSemaphoreNew)
    osSemaphoreRelease                       0x08009491   Thumb Code    86  cmsis_os2.o(i.osSemaphoreRelease)
    osThreadFlagsClear                       0x080094ed   Thumb Code    80  cmsis_os2.o(i.osThreadFlagsClear)
    osThreadFlagsSet                         0x0800953d   Thumb Code   110  cmsis_os2.o(i.osThreadFlagsSet)
    osThreadFlagsWait                        0x080095b1   Thumb Code   152  cmsis_os2.o(i.osThreadFlagsWait)
    osThreadNew                              0x08009649   Thumb Code   144  cmsis_os2.o(i.osThreadNew)
    ov5640_auto_focus_continuance            0x080096d9   Thumb Code   106  ov5640.o(i.ov5640_auto_focus_continuance)
    ov5640_auto_focus_init                   0x08009745   Thumb Code   176  ov5640.o(i.ov5640_auto_focus_init)
    ov5640_dcmi_init                         0x080097f9   Thumb Code    28  camera_run.o(i.ov5640_dcmi_init)
    ov5640_dcmi_start                        0x0800981d   Thumb Code   182  camera_run.o(i.ov5640_dcmi_start)
    ov5640_dcmi_stop                         0x080098ed   Thumb Code   140  camera_run.o(i.ov5640_dcmi_stop)
    ov5640_init                              0x08009985   Thumb Code   120  ov5640.o(i.ov5640_init)
    ov5640_set_output_format                 0x08009a25   Thumb Code    68  ov5640.o(i.ov5640_set_output_format)
    ov5640_set_output_size                   0x08009a71   Thumb Code   184  ov5640.o(i.ov5640_set_output_size)
    pid_compute                              0x08009b37   Thumb Code   126  motor_370.o(i.pid_compute)
    pid_init                                 0x08009bb5   Thumb Code    40  motor_370.o(i.pid_init)
    pvPortMalloc                             0x0800a38d   Thumb Code   216  heap_4.o(i.pvPortMalloc)
    pvTaskIncrementMutexHeldCount            0x0800a469   Thumb Code    18  tasks.o(i.pvTaskIncrementMutexHeldCount)
    pxPortInitialiseStack                    0x0800a481   Thumb Code    42  port.o(i.pxPortInitialiseStack)
    sccb_2_phase_read                        0x0800a4b1   Thumb Code    36  ov5640_sccb.o(i.sccb_2_phase_read)
    sccb_2_phase_write                       0x0800a4d5   Thumb Code    38  ov5640_sccb.o(i.sccb_2_phase_write)
    sccb_3_phase_write                       0x0800a4fb   Thumb Code    46  ov5640_sccb.o(i.sccb_3_phase_write)
    send_jpeg_data_spi                       0x0800a6bd   Thumb Code    44  myspi.o(i.send_jpeg_data_spi)
    set_car_speed                            0x0800a6e9   Thumb Code    10  motor_370.o(i.set_car_speed)
    set_whell_speed                          0x0800a6f9   Thumb Code    92  motor_370.o(i.set_whell_speed)
    uart_task                                0x0800a761   Thumb Code    12  freertos.o(i.uart_task)
    usart_proc                               0x0800a76d   Thumb Code   782  myusart.o(i.usart_proc)
    uxListRemove                             0x0800ab09   Thumb Code    38  list.o(i.uxListRemove)
    vApplicationGetIdleTaskMemory            0x0800ab31   Thumb Code    18  cmsis_os2.o(i.vApplicationGetIdleTaskMemory)
    vApplicationGetTimerTaskMemory           0x0800ab49   Thumb Code    20  cmsis_os2.o(i.vApplicationGetTimerTaskMemory)
    vListInitialise                          0x0800ab61   Thumb Code    22  list.o(i.vListInitialise)
    vListInitialiseItem                      0x0800ab77   Thumb Code     6  list.o(i.vListInitialiseItem)
    vListInsert                              0x0800ab7d   Thumb Code    48  list.o(i.vListInsert)
    vListInsertEnd                           0x0800abad   Thumb Code    24  list.o(i.vListInsertEnd)
    vPortEnterCritical                       0x0800abc5   Thumb Code    54  port.o(i.vPortEnterCritical)
    vPortExitCritical                        0x0800ac05   Thumb Code    34  port.o(i.vPortExitCritical)
    vPortFree                                0x0800ac2d   Thumb Code    94  heap_4.o(i.vPortFree)
    vPortSetupTimerInterrupt                 0x0800ac91   Thumb Code    32  port.o(i.vPortSetupTimerInterrupt)
    vPortValidateInterruptPriority           0x0800acb5   Thumb Code    74  port.o(i.vPortValidateInterruptPriority)
    vQueueAddToRegistry                      0x0800ad09   Thumb Code    34  queue.o(i.vQueueAddToRegistry)
    vQueueDelete                             0x0800ad31   Thumb Code    46  queue.o(i.vQueueDelete)
    vQueueUnregisterQueue                    0x0800ad61   Thumb Code    36  queue.o(i.vQueueUnregisterQueue)
    vQueueWaitForMessageRestricted           0x0800ad89   Thumb Code    68  queue.o(i.vQueueWaitForMessageRestricted)
    vTaskDelay                               0x0800adcd   Thumb Code    66  tasks.o(i.vTaskDelay)
    vTaskInternalSetTimeOutState             0x0800ae19   Thumb Code    12  tasks.o(i.vTaskInternalSetTimeOutState)
    vTaskMissedYield                         0x0800ae29   Thumb Code     8  tasks.o(i.vTaskMissedYield)
    vTaskPlaceOnEventList                    0x0800ae35   Thumb Code    44  tasks.o(i.vTaskPlaceOnEventList)
    vTaskPlaceOnEventListRestricted          0x0800ae65   Thumb Code    52  tasks.o(i.vTaskPlaceOnEventListRestricted)
    vTaskPriorityDisinheritAfterTimeout      0x0800ae9d   Thumb Code   136  tasks.o(i.vTaskPriorityDisinheritAfterTimeout)
    vTaskStartScheduler                      0x0800af2d   Thumb Code   118  tasks.o(i.vTaskStartScheduler)
    vTaskSuspendAll                          0x0800afb5   Thumb Code    10  tasks.o(i.vTaskSuspendAll)
    vTaskSwitchContext                       0x0800afc5   Thumb Code    90  tasks.o(i.vTaskSwitchContext)
    xPortStartScheduler                      0x0800b029   Thumb Code   222  port.o(i.xPortStartScheduler)
    xPortSysTickHandler                      0x0800b11d   Thumb Code    38  port.o(i.xPortSysTickHandler)
    xQueueCreateCountingSemaphore            0x0800b149   Thumb Code    58  queue.o(i.xQueueCreateCountingSemaphore)
    xQueueCreateCountingSemaphoreStatic      0x0800b183   Thumb Code    64  queue.o(i.xQueueCreateCountingSemaphoreStatic)
    xQueueGenericCreate                      0x0800b1c3   Thumb Code    66  queue.o(i.xQueueGenericCreate)
    xQueueGenericCreateStatic                0x0800b205   Thumb Code   102  queue.o(i.xQueueGenericCreateStatic)
    xQueueGenericReset                       0x0800b26d   Thumb Code   144  queue.o(i.xQueueGenericReset)
    xQueueGenericSend                        0x0800b301   Thumb Code   346  queue.o(i.xQueueGenericSend)
    xQueueGenericSendFromISR                 0x0800b461   Thumb Code   190  queue.o(i.xQueueGenericSendFromISR)
    xQueueGiveFromISR                        0x0800b51f   Thumb Code   156  queue.o(i.xQueueGiveFromISR)
    xQueueReceive                            0x0800b5bd   Thumb Code   310  queue.o(i.xQueueReceive)
    xQueueReceiveFromISR                     0x0800b6f9   Thumb Code   156  queue.o(i.xQueueReceiveFromISR)
    xQueueSemaphoreTake                      0x0800b795   Thumb Code   376  queue.o(i.xQueueSemaphoreTake)
    xTaskCheckForTimeOut                     0x0800b911   Thumb Code   116  tasks.o(i.xTaskCheckForTimeOut)
    xTaskCreate                              0x0800b989   Thumb Code    90  tasks.o(i.xTaskCreate)
    xTaskCreateStatic                        0x0800b9e3   Thumb Code    86  tasks.o(i.xTaskCreateStatic)
    xTaskGenericNotify                       0x0800ba39   Thumb Code   212  tasks.o(i.xTaskGenericNotify)
    xTaskGenericNotifyFromISR                0x0800bb19   Thumb Code   248  tasks.o(i.xTaskGenericNotifyFromISR)
    xTaskGetCurrentTaskHandle                0x0800bc1d   Thumb Code     6  tasks.o(i.xTaskGetCurrentTaskHandle)
    xTaskGetSchedulerState                   0x0800bc29   Thumb Code    22  tasks.o(i.xTaskGetSchedulerState)
    xTaskGetTickCount                        0x0800bc45   Thumb Code     6  tasks.o(i.xTaskGetTickCount)
    xTaskIncrementTick                       0x0800bc51   Thumb Code   192  tasks.o(i.xTaskIncrementTick)
    xTaskNotifyWait                          0x0800bd19   Thumb Code   130  tasks.o(i.xTaskNotifyWait)
    xTaskPriorityDisinherit                  0x0800bda5   Thumb Code   116  tasks.o(i.xTaskPriorityDisinherit)
    xTaskPriorityInherit                     0x0800be21   Thumb Code   114  tasks.o(i.xTaskPriorityInherit)
    xTaskRemoveFromEventList                 0x0800be9d   Thumb Code   100  tasks.o(i.xTaskRemoveFromEventList)
    xTaskResumeAll                           0x0800bf0d   Thumb Code   184  tasks.o(i.xTaskResumeAll)
    xTimerCreateTimerTask                    0x0800bfd1   Thumb Code    78  timers.o(i.xTimerCreateTimerTask)
    xTimerGenericCommand                     0x0800c031   Thumb Code    98  timers.o(i.xTimerGenericCommand)
    defaultTask_attributes                   0x0800c098   Data          36  freertos.o(.constdata)
    camTask_attributes                       0x0800c0bc   Data          36  freertos.o(.constdata)
    uartTask_attributes                      0x0800c0e0   Data          36  freertos.o(.constdata)
    motorTask_attributes                     0x0800c104   Data          36  freertos.o(.constdata)
    aht20Task_attributes                     0x0800c128   Data          36  freertos.o(.constdata)
    cam_frame_semaphore_attributes           0x0800c14c   Data          16  freertos.o(.constdata)
    UARTPrescTable                           0x0800c164   Data          24  stm32h7xx_hal_uart.o(.constdata)
    D1CorePrescTable                         0x0800c18c   Data          16  system_stm32h7xx.o(.constdata)
    Region$$Table$$Base                      0x0800c1e8   Number         0  anon$$obj.o(Region$$Table)
    Region$$Table$$Limit                     0x0800c208   Number         0  anon$$obj.o(Region$$Table)
    defaultTaskHandle                        0x24000000   Data           4  freertos.o(.data)
    camTaskHandle                            0x24000004   Data           4  freertos.o(.data)
    uartTaskHandle                           0x24000008   Data           4  freertos.o(.data)
    motorTaskHandle                          0x2400000c   Data           4  freertos.o(.data)
    aht20TaskHandle                          0x24000010   Data           4  freertos.o(.data)
    cam_frame_semaphoreHandle                0x24000014   Data           4  freertos.o(.data)
    uwTickFreq                               0x24000018   Data           1  stm32h7xx_hal.o(.data)
    uwTickPrio                               0x2400001c   Data           4  stm32h7xx_hal.o(.data)
    uwTick                                   0x24000020   Data           4  stm32h7xx_hal.o(.data)
    SystemCoreClock                          0x24000024   Data           4  system_stm32h7xx.o(.data)
    SystemD2Clock                            0x24000028   Data           4  system_stm32h7xx.o(.data)
    jpeg_process                             0x2400002c   Data           1  camera_run.o(.data)
    dcmi_buf_using                           0x2400002d   Data           1  camera_run.o(.data)
    frame_wait_time                          0x2400002e   Data           2  camera_run.o(.data)
    jpeg_len                                 0x24000030   Data           2  camera_run.o(.data)
    jpeg_start_index                         0x24000034   Data           4  camera_run.o(.data)
    jpeg_end_index                           0x24000038   Data           4  camera_run.o(.data)
    ov5640_init_cfg                          0x2400003c   Data         828  ov5640_cfg.o(.data)
    ov5640_rgb565_cfg                        0x24000378   Data         180  ov5640_cfg.o(.data)
    ov5640_jpeg_cfg                          0x2400042c   Data         164  ov5640_cfg.o(.data)
    ov5640_auto_focus_firmware               0x240004d0   Data        4077  ov5640_cfg.o(.data)
    direction_motor                          0x240014c0   Data           4  motor_370.o(.data)
    motor_pulse_meter                        0x240014c8   Data           8  motor_370.o(.data)
    temperature                              0x240014d0   Data           4  aht20.o(.data)
    humidity                                 0x240014d4   Data           4  aht20.o(.data)
    pxCurrentTCB                             0x240014d8   Data           4  tasks.o(.data)
    hdcmi                                    0x24001558   Data          80  dcmi.o(.bss)
    hdma_dcmi                                0x240015a8   Data         120  dcmi.o(.bss)
    hi2c1                                    0x24001620   Data          84  i2c.o(.bss)
    hspi4                                    0x24001674   Data         136  spi.o(.bss)
    htim2                                    0x240016fc   Data          76  tim.o(.bss)
    htim3                                    0x24001748   Data          76  tim.o(.bss)
    htim4                                    0x24001794   Data          76  tim.o(.bss)
    htim5                                    0x240017e0   Data          76  tim.o(.bss)
    htim6                                    0x2400182c   Data          76  tim.o(.bss)
    htim7                                    0x24001878   Data          76  tim.o(.bss)
    htim23                                   0x240018c4   Data          76  tim.o(.bss)
    huart1                                   0x24001910   Data         148  usart.o(.bss)
    huart2                                   0x240019a4   Data         148  usart.o(.bss)
    huart3                                   0x24001a38   Data         148  usart.o(.bss)
    hdma_usart1_rx                           0x24001acc   Data         120  usart.o(.bss)
    hdma_usart2_rx                           0x24001b44   Data         120  usart.o(.bss)
    hdma_usart3_rx                           0x24001bbc   Data         120  usart.o(.bss)
    htim17                                   0x24001c34   Data          76  stm32h7xx_hal_timebase_tim.o(.bss)
    jpeg_buf                                 0x24001c80   Data       204800  camera_run.o(.bss)
    recv_buf_uart1                           0x24033ce4   Data         200  myusart.o(.bss)
    recv_buf_uart3                           0x24033dac   Data         200  myusart.o(.bss)
    recv_data                                0x24033e74   Data         200  myusart.o(.bss)
    recv_buf_uart2                           0x24033f3c   Data         200  myusart.o(.bss)
    ov5640_sta                               0x24034004   Data          12  ov5640.o(.bss)
    pid_controllers                          0x24034010   Data         256  motor_370.o(.bss)
    t0_motor                                 0x24034110   Data          16  motor_370.o(.bss)
    t1_motor                                 0x24034120   Data          16  motor_370.o(.bss)
    motor_pwm                                0x24034130   Data          16  motor_370.o(.bss)
    car_speed                                0x24034140   Data          24  motor_370.o(.bss)
    car_speed_set                            0x24034158   Data          24  motor_370.o(.bss)
    wheel_speed                              0x24034170   Data          32  motor_370.o(.bss)
    wheel_speed_set                          0x24034190   Data          32  motor_370.o(.bss)
    xQueueRegistry                           0x240341b0   Data          64  queue.o(.bss)
    __initial_sp                             0x2403ca88   Data           0  startup_stm32h723xx.o(STACK)



==============================================================================

Memory Map of the image

  Image Entry point : 0x080002cd

  Load Region LR_IROM1 (Base: 0x08000000, Size: 0x0000d760, Max: 0x00100000, ABSOLUTE, COMPRESSED[0x0000d3a8])

    Execution Region ER_IROM1 (Exec base: 0x08000000, Load base: 0x08000000, Size: 0x0000c208, Max: 0x00100000, ABSOLUTE)

    Exec Addr    Load Addr    Size         Type   Attr      Idx    E Section Name        Object

    0x08000000   0x08000000   0x000002cc   Data   RO            3    RESET               startup_stm32h723xx.o
    0x080002cc   0x080002cc   0x00000000   Code   RO         7716  * .ARM.Collect$$$$00000000  mc_w.l(entry.o)
    0x080002cc   0x080002cc   0x00000004   Code   RO         7763    .ARM.Collect$$$$00000001  mc_w.l(entry2.o)
    0x080002d0   0x080002d0   0x00000004   Code   RO         7766    .ARM.Collect$$$$00000004  mc_w.l(entry5.o)
    0x080002d4   0x080002d4   0x00000000   Code   RO         7768    .ARM.Collect$$$$00000008  mc_w.l(entry7b.o)
    0x080002d4   0x080002d4   0x00000000   Code   RO         7770    .ARM.Collect$$$$0000000A  mc_w.l(entry8b.o)
    0x080002d4   0x080002d4   0x00000008   Code   RO         7771    .ARM.Collect$$$$0000000B  mc_w.l(entry9a.o)
    0x080002dc   0x080002dc   0x00000000   Code   RO         7773    .ARM.Collect$$$$0000000D  mc_w.l(entry10a.o)
    0x080002dc   0x080002dc   0x00000000   Code   RO         7775    .ARM.Collect$$$$0000000F  mc_w.l(entry11a.o)
    0x080002dc   0x080002dc   0x00000004   Code   RO         7764    .ARM.Collect$$$$00002712  mc_w.l(entry2.o)
    0x080002e0   0x080002e0   0x000000be   Code   RO         7639    .emb_text           port.o
    0x0800039e   0x0800039e   0x00000002   PAD
    0x080003a0   0x080003a0   0x0000002c   Code   RO            4    .text               startup_stm32h723xx.o
    0x080003cc   0x080003cc   0x00000062   Code   RO         7719    .text               mc_w.l(uldiv.o)
    0x0800042e   0x0800042e   0x00000024   Code   RO         7721    .text               mc_w.l(memcpya.o)
    0x08000452   0x08000452   0x00000024   Code   RO         7725    .text               mc_w.l(memseta.o)
    0x08000476   0x08000476   0x00000018   Code   RO         7727    .text               mc_w.l(strncpy.o)
    0x0800048e   0x0800048e   0x0000000e   Code   RO         7729    .text               mc_w.l(strlen.o)
    0x0800049c   0x0800049c   0x0000001c   Code   RO         7731    .text               mc_w.l(strcmp.o)
    0x080004b8   0x080004b8   0x0000002c   Code   RO         7780    .text               mc_w.l(uidiv.o)
    0x080004e4   0x080004e4   0x0000001e   Code   RO         7782    .text               mc_w.l(llshl.o)
    0x08000502   0x08000502   0x00000020   Code   RO         7784    .text               mc_w.l(llushr.o)
    0x08000522   0x08000522   0x00000000   Code   RO         7786    .text               mc_w.l(iusefp.o)
    0x08000522   0x08000522   0x0000014e   Code   RO         7787    .text               mf_w.l(dadd.o)
    0x08000670   0x08000670   0x000000e4   Code   RO         7789    .text               mf_w.l(dmul.o)
    0x08000754   0x08000754   0x000000de   Code   RO         7791    .text               mf_w.l(ddiv.o)
    0x08000832   0x08000832   0x00000030   Code   RO         7793    .text               mf_w.l(dfixul.o)
    0x08000862   0x08000862   0x00000002   PAD
    0x08000864   0x08000864   0x00000030   Code   RO         7795    .text               mf_w.l(cdrcmple.o)
    0x08000894   0x08000894   0x00000024   Code   RO         7797    .text               mc_w.l(init.o)
    0x080008b8   0x080008b8   0x00000024   Code   RO         7800    .text               mc_w.l(llsshr.o)
    0x080008dc   0x080008dc   0x000000ba   Code   RO         7803    .text               mf_w.l(depilogue.o)
    0x08000996   0x08000996   0x0000005e   Code   RO         7813    .text               mc_w.l(__dclz77c.o)
    0x080009f4   0x080009f4   0x00000040   Code   RO         5928    i.AHT20_Init        aht20.o
    0x08000a34   0x08000a34   0x000000e8   Code   RO         5929    i.AHT20_Read        aht20.o
    0x08000b1c   0x08000b1c   0x00000002   Code   RO          691    i.BusFault_Handler  stm32h7xx_it.o
    0x08000b1e   0x08000b1e   0x00000020   Code   RO         2062    i.DCMI_DMAError     stm32h7xx_hal_dcmi.o
    0x08000b3e   0x08000b3e   0x00000084   Code   RO         2063    i.DCMI_DMAXferCplt  stm32h7xx_hal_dcmi.o
    0x08000bc2   0x08000bc2   0x00000002   PAD
    0x08000bc4   0x08000bc4   0x0000000c   Code   RO          692    i.DCMI_PSSI_IRQHandler  stm32h7xx_it.o
    0x08000bd0   0x08000bd0   0x0000000c   Code   RO          693    i.DMA1_Stream0_IRQHandler  stm32h7xx_it.o
    0x08000bdc   0x08000bdc   0x0000000c   Code   RO          694    i.DMA1_Stream1_IRQHandler  stm32h7xx_it.o
    0x08000be8   0x08000be8   0x0000000c   Code   RO          695    i.DMA1_Stream2_IRQHandler  stm32h7xx_it.o
    0x08000bf4   0x08000bf4   0x0000000c   Code   RO          696    i.DMA1_Stream3_IRQHandler  stm32h7xx_it.o
    0x08000c00   0x08000c00   0x000000b4   Code   RO         2824    i.DMA_CalcBaseAndBitshift  stm32h7xx_hal_dma.o
    0x08000cb4   0x08000cb4   0x0000009c   Code   RO         2825    i.DMA_CalcDMAMUXChannelBaseAndMask  stm32h7xx_hal_dma.o
    0x08000d50   0x08000d50   0x00000074   Code   RO         2826    i.DMA_CalcDMAMUXRequestGenBaseAndMask  stm32h7xx_hal_dma.o
    0x08000dc4   0x08000dc4   0x00000054   Code   RO         2827    i.DMA_CheckFifoParam  stm32h7xx_hal_dma.o
    0x08000e18   0x08000e18   0x000000a0   Code   RO         2940    i.DMA_MultiBufferSetConfig  stm32h7xx_hal_dma_ex.o
    0x08000eb8   0x08000eb8   0x00000220   Code   RO         2828    i.DMA_SetConfig     stm32h7xx_hal_dma.o
    0x080010d8   0x080010d8   0x00000002   Code   RO          697    i.DebugMon_Handler  stm32h7xx_it.o
    0x080010da   0x080010da   0x00000004   Code   RO           13    i.Error_Handler     main.o
    0x080010de   0x080010de   0x00000002   PAD
    0x080010e0   0x080010e0   0x0000001c   Code   RO         5332    i.ExitRun0Mode      system_stm32h7xx.o
    0x080010fc   0x080010fc   0x00000002   Code   RO         2069    i.HAL_DCMI_ErrorCallback  stm32h7xx_hal_dcmi.o
    0x080010fe   0x080010fe   0x00000002   PAD
    0x08001100   0x08001100   0x00000018   Code   RO         5426    i.HAL_DCMI_FrameEventCallback  camera_run.o
    0x08001118   0x08001118   0x0000009c   Code   RO         2073    i.HAL_DCMI_IRQHandler  stm32h7xx_hal_dcmi.o
    0x080011b4   0x080011b4   0x0000009c   Code   RO         2074    i.HAL_DCMI_Init     stm32h7xx_hal_dcmi.o
    0x08001250   0x08001250   0x00000002   Code   RO         2075    i.HAL_DCMI_LineEventCallback  stm32h7xx_hal_dcmi.o
    0x08001252   0x08001252   0x00000002   PAD
    0x08001254   0x08001254   0x00000150   Code   RO          374    i.HAL_DCMI_MspInit  dcmi.o
    0x080013a4   0x080013a4   0x000000ec   Code   RO         2079    i.HAL_DCMI_Start_DMA  stm32h7xx_hal_dcmi.o
    0x08001490   0x08001490   0x00000074   Code   RO         2080    i.HAL_DCMI_Stop     stm32h7xx_hal_dcmi.o
    0x08001504   0x08001504   0x00000002   Code   RO         2082    i.HAL_DCMI_VsyncEventCallback  stm32h7xx_hal_dcmi.o
    0x08001506   0x08001506   0x00000002   PAD
    0x08001508   0x08001508   0x00000090   Code   RO         2941    i.HAL_DMAEx_ChangeMemory  stm32h7xx_hal_dma_ex.o
    0x08001598   0x08001598   0x00000468   Code   RO         2948    i.HAL_DMAEx_MultiBufferStart_IT  stm32h7xx_hal_dma_ex.o
    0x08001a00   0x08001a00   0x00000360   Code   RO         2829    i.HAL_DMA_Abort     stm32h7xx_hal_dma.o
    0x08001d60   0x08001d60   0x00000284   Code   RO         2830    i.HAL_DMA_Abort_IT  stm32h7xx_hal_dma.o
    0x08001fe4   0x08001fe4   0x000006e8   Code   RO         2834    i.HAL_DMA_IRQHandler  stm32h7xx_hal_dma.o
    0x080026cc   0x080026cc   0x000003bc   Code   RO         2835    i.HAL_DMA_Init      stm32h7xx_hal_dma.o
    0x08002a88   0x08002a88   0x0000029c   Code   RO         2839    i.HAL_DMA_Start_IT  stm32h7xx_hal_dma.o
    0x08002d24   0x08002d24   0x00000024   Code   RO         3526    i.HAL_Delay         stm32h7xx_hal.o
    0x08002d48   0x08002d48   0x0000021c   Code   RO         2677    i.HAL_GPIO_Init     stm32h7xx_hal_gpio.o
    0x08002f64   0x08002f64   0x0000000a   Code   RO         2679    i.HAL_GPIO_ReadPin  stm32h7xx_hal_gpio.o
    0x08002f6e   0x08002f6e   0x0000000a   Code   RO         2681    i.HAL_GPIO_WritePin  stm32h7xx_hal_gpio.o
    0x08002f78   0x08002f78   0x0000000c   Code   RO         3542    i.HAL_GetTick       stm32h7xx_hal.o
    0x08002f84   0x08002f84   0x00000058   Code   RO         4339    i.HAL_I2CEx_ConfigAnalogFilter  stm32h7xx_hal_i2c_ex.o
    0x08002fdc   0x08002fdc   0x00000054   Code   RO         4340    i.HAL_I2CEx_ConfigDigitalFilter  stm32h7xx_hal_i2c_ex.o
    0x08003030   0x08003030   0x000000c0   Code   RO         3878    i.HAL_I2C_Init      stm32h7xx_hal_i2c.o
    0x080030f0   0x080030f0   0x00000124   Code   RO         3884    i.HAL_I2C_Master_Receive  stm32h7xx_hal_i2c.o
    0x08003214   0x08003214   0x0000014c   Code   RO         3891    i.HAL_I2C_Master_Transmit  stm32h7xx_hal_i2c.o
    0x08003360   0x08003360   0x00000088   Code   RO          440    i.HAL_I2C_MspInit   i2c.o
    0x080033e8   0x080033e8   0x00000010   Code   RO         3548    i.HAL_IncTick       stm32h7xx_hal.o
    0x080033f8   0x080033f8   0x0000005c   Code   RO         3549    i.HAL_Init          stm32h7xx_hal.o
    0x08003454   0x08003454   0x00000084   Code   RO          851    i.HAL_InitTick      stm32h7xx_hal_timebase_tim.o
    0x080034d8   0x080034d8   0x0000005c   Code   RO         1910    i.HAL_MPU_ConfigRegion  stm32h7xx_hal_cortex.o
    0x08003534   0x08003534   0x0000001c   Code   RO         1911    i.HAL_MPU_Disable   stm32h7xx_hal_cortex.o
    0x08003550   0x08003550   0x00000024   Code   RO         1913    i.HAL_MPU_Enable    stm32h7xx_hal_cortex.o
    0x08003574   0x08003574   0x00000024   Code   RO          827    i.HAL_MspInit       stm32h7xx_hal_msp.o
    0x08003598   0x08003598   0x0000001a   Code   RO         1917    i.HAL_NVIC_EnableIRQ  stm32h7xx_hal_cortex.o
    0x080035b2   0x080035b2   0x00000002   PAD
    0x080035b4   0x080035b4   0x00000040   Code   RO         1923    i.HAL_NVIC_SetPriority  stm32h7xx_hal_cortex.o
    0x080035f4   0x080035f4   0x00000024   Code   RO         1924    i.HAL_NVIC_SetPriorityGrouping  stm32h7xx_hal_cortex.o
    0x08003618   0x08003618   0x00000054   Code   RO         3278    i.HAL_PWREx_ConfigSupply  stm32h7xx_hal_pwr_ex.o
    0x0800366c   0x0800366c   0x00000024   Code   RO         2320    i.HAL_RCCEx_GetD3PCLK1Freq  stm32h7xx_hal_rcc_ex.o
    0x08003690   0x08003690   0x00000144   Code   RO         2322    i.HAL_RCCEx_GetPLL2ClockFreq  stm32h7xx_hal_rcc_ex.o
    0x080037d4   0x080037d4   0x00000144   Code   RO         2323    i.HAL_RCCEx_GetPLL3ClockFreq  stm32h7xx_hal_rcc_ex.o
    0x08003918   0x08003918   0x0000093a   Code   RO         2329    i.HAL_RCCEx_PeriphCLKConfig  stm32h7xx_hal_rcc_ex.o
    0x08004252   0x08004252   0x00000002   PAD
    0x08004254   0x08004254   0x0000025c   Code   RO         2205    i.HAL_RCC_ClockConfig  stm32h7xx_hal_rcc.o
    0x080044b0   0x080044b0   0x0000005c   Code   RO         2209    i.HAL_RCC_GetClockConfig  stm32h7xx_hal_rcc.o
    0x0800450c   0x0800450c   0x00000044   Code   RO         2210    i.HAL_RCC_GetHCLKFreq  stm32h7xx_hal_rcc.o
    0x08004550   0x08004550   0x00000024   Code   RO         2212    i.HAL_RCC_GetPCLK1Freq  stm32h7xx_hal_rcc.o
    0x08004574   0x08004574   0x00000024   Code   RO         2213    i.HAL_RCC_GetPCLK2Freq  stm32h7xx_hal_rcc.o
    0x08004598   0x08004598   0x00000138   Code   RO         2214    i.HAL_RCC_GetSysClockFreq  stm32h7xx_hal_rcc.o
    0x080046d0   0x080046d0   0x00000526   Code   RO         2217    i.HAL_RCC_OscConfig  stm32h7xx_hal_rcc.o
    0x08004bf6   0x08004bf6   0x00000002   PAD
    0x08004bf8   0x08004bf8   0x0000017c   Code   RO         4476    i.HAL_SPI_Init      stm32h7xx_hal_spi.o
    0x08004d74   0x08004d74   0x000000b4   Code   RO          500    i.HAL_SPI_MspInit   spi.o
    0x08004e28   0x08004e28   0x00000242   Code   RO         4485    i.HAL_SPI_Transmit  stm32h7xx_hal_spi.o
    0x0800506a   0x0800506a   0x00000002   Code   RO         1606    i.HAL_TIMEx_Break2Callback  stm32h7xx_hal_tim_ex.o
    0x0800506c   0x0800506c   0x00000002   Code   RO         1607    i.HAL_TIMEx_BreakCallback  stm32h7xx_hal_tim_ex.o
    0x0800506e   0x0800506e   0x00000002   Code   RO         1608    i.HAL_TIMEx_CommutCallback  stm32h7xx_hal_tim_ex.o
    0x08005070   0x08005070   0x000000b8   Code   RO         1629    i.HAL_TIMEx_MasterConfigSynchronization  stm32h7xx_hal_tim_ex.o
    0x08005128   0x08005128   0x00000062   Code   RO          892    i.HAL_TIM_Base_Init  stm32h7xx_hal_tim.o
    0x0800518a   0x0800518a   0x00000002   PAD
    0x0800518c   0x0800518c   0x00000060   Code   RO          542    i.HAL_TIM_Base_MspInit  tim.o
    0x080051ec   0x080051ec   0x00000094   Code   RO          895    i.HAL_TIM_Base_Start  stm32h7xx_hal_tim.o
    0x08005280   0x08005280   0x000000a0   Code   RO          897    i.HAL_TIM_Base_Start_IT  stm32h7xx_hal_tim.o
    0x08005320   0x08005320   0x00000026   Code   RO          898    i.HAL_TIM_Base_Stop  stm32h7xx_hal_tim.o
    0x08005346   0x08005346   0x00000002   PAD
    0x08005348   0x08005348   0x000000fc   Code   RO          901    i.HAL_TIM_ConfigClockSource  stm32h7xx_hal_tim.o
    0x08005444   0x08005444   0x000000bc   Code   RO          913    i.HAL_TIM_Encoder_Init  stm32h7xx_hal_tim.o
    0x08005500   0x08005500   0x000001a4   Code   RO          544    i.HAL_TIM_Encoder_MspInit  tim.o
    0x080056a4   0x080056a4   0x0000008e   Code   RO          916    i.HAL_TIM_Encoder_Start  stm32h7xx_hal_tim.o
    0x08005732   0x08005732   0x000000b8   Code   RO          918    i.HAL_TIM_Encoder_Start_IT  stm32h7xx_hal_tim.o
    0x080057ea   0x080057ea   0x00000002   PAD
    0x080057ec   0x080057ec   0x00000130   Code   RO         5521    i.HAL_TIM_IC_CaptureCallback  mytim.o
    0x0800591c   0x0800591c   0x00000148   Code   RO          940    i.HAL_TIM_IRQHandler  stm32h7xx_hal_tim.o
    0x08005a64   0x08005a64   0x00000074   Code   RO          545    i.HAL_TIM_MspPostInit  tim.o
    0x08005ad8   0x08005ad8   0x00000002   Code   RO          943    i.HAL_TIM_OC_DelayElapsedCallback  stm32h7xx_hal_tim.o
    0x08005ada   0x08005ada   0x00000124   Code   RO          964    i.HAL_TIM_PWM_ConfigChannel  stm32h7xx_hal_tim.o
    0x08005bfe   0x08005bfe   0x00000062   Code   RO          967    i.HAL_TIM_PWM_Init  stm32h7xx_hal_tim.o
    0x08005c60   0x08005c60   0x00000002   Code   RO          969    i.HAL_TIM_PWM_MspInit  stm32h7xx_hal_tim.o
    0x08005c62   0x08005c62   0x00000002   Code   RO          970    i.HAL_TIM_PWM_PulseFinishedCallback  stm32h7xx_hal_tim.o
    0x08005c64   0x08005c64   0x00000124   Code   RO          972    i.HAL_TIM_PWM_Start  stm32h7xx_hal_tim.o
    0x08005d88   0x08005d88   0x00000014   Code   RO           14    i.HAL_TIM_PeriodElapsedCallback  main.o
    0x08005d9c   0x08005d9c   0x00000002   Code   RO          983    i.HAL_TIM_TriggerCallback  stm32h7xx_hal_tim.o
    0x08005d9e   0x08005d9e   0x00000040   Code   RO         5214    i.HAL_UARTEx_DisableFifoMode  stm32h7xx_hal_uart_ex.o
    0x08005dde   0x08005dde   0x0000004a   Code   RO         5220    i.HAL_UARTEx_ReceiveToIdle_DMA  stm32h7xx_hal_uart_ex.o
    0x08005e28   0x08005e28   0x00000054   Code   RO         5551    i.HAL_UARTEx_RxEventCallback  myusart.o
    0x08005e7c   0x08005e7c   0x00000002   Code   RO         5222    i.HAL_UARTEx_RxFifoFullCallback  stm32h7xx_hal_uart_ex.o
    0x08005e7e   0x08005e7e   0x0000004c   Code   RO         5223    i.HAL_UARTEx_SetRxFifoThreshold  stm32h7xx_hal_uart_ex.o
    0x08005eca   0x08005eca   0x0000004c   Code   RO         5224    i.HAL_UARTEx_SetTxFifoThreshold  stm32h7xx_hal_uart_ex.o
    0x08005f16   0x08005f16   0x00000002   Code   RO         5226    i.HAL_UARTEx_TxFifoEmptyCallback  stm32h7xx_hal_uart_ex.o
    0x08005f18   0x08005f18   0x00000002   Code   RO         5227    i.HAL_UARTEx_WakeupCallback  stm32h7xx_hal_uart_ex.o
    0x08005f1a   0x08005f1a   0x00000002   Code   RO         4819    i.HAL_UART_ErrorCallback  stm32h7xx_hal_uart.o
    0x08005f1c   0x08005f1c   0x0000039c   Code   RO         4822    i.HAL_UART_IRQHandler  stm32h7xx_hal_uart.o
    0x080062b8   0x080062b8   0x0000006a   Code   RO         4823    i.HAL_UART_Init     stm32h7xx_hal_uart.o
    0x08006322   0x08006322   0x00000002   PAD
    0x08006324   0x08006324   0x00000214   Code   RO          638    i.HAL_UART_MspInit  usart.o
    0x08006538   0x08006538   0x00000002   Code   RO         4830    i.HAL_UART_RxCpltCallback  stm32h7xx_hal_uart.o
    0x0800653a   0x0800653a   0x00000002   Code   RO         4831    i.HAL_UART_RxHalfCpltCallback  stm32h7xx_hal_uart.o
    0x0800653c   0x0800653c   0x000000b0   Code   RO         4832    i.HAL_UART_Transmit  stm32h7xx_hal_uart.o
    0x080065ec   0x080065ec   0x00000002   Code   RO         4835    i.HAL_UART_TxCpltCallback  stm32h7xx_hal_uart.o
    0x080065ee   0x080065ee   0x00000002   Code   RO          698    i.HardFault_Handler  stm32h7xx_it.o
    0x080065f0   0x080065f0   0x00000022   Code   RO         3925    i.I2C_Flush_TXDR    stm32h7xx_hal_i2c.o
    0x08006612   0x08006612   0x00000002   PAD
    0x08006614   0x08006614   0x00000110   Code   RO         3933    i.I2C_IsErrorOccurred  stm32h7xx_hal_i2c.o
    0x08006724   0x08006724   0x00000030   Code   RO         3942    i.I2C_TransferConfig  stm32h7xx_hal_i2c.o
    0x08006754   0x08006754   0x0000007c   Code   RO         3944    i.I2C_WaitOnFlagUntilTimeout  stm32h7xx_hal_i2c.o
    0x080067d0   0x080067d0   0x000000a8   Code   RO         3945    i.I2C_WaitOnRXNEFlagUntilTimeout  stm32h7xx_hal_i2c.o
    0x08006878   0x08006878   0x00000058   Code   RO         3946    i.I2C_WaitOnSTOPFlagUntilTimeout  stm32h7xx_hal_i2c.o
    0x080068d0   0x080068d0   0x0000005c   Code   RO         3947    i.I2C_WaitOnTXISFlagUntilTimeout  stm32h7xx_hal_i2c.o
    0x0800692c   0x0800692c   0x00000124   Code   RO         5427    i.JPEG_run          camera_run.o
    0x08006a50   0x08006a50   0x00000040   Code   RO          375    i.MX_DCMI_Init      dcmi.o
    0x08006a90   0x08006a90   0x0000005c   Code   RO          415    i.MX_DMA_Init       dma.o
    0x08006aec   0x08006aec   0x00000074   Code   RO          306    i.MX_FREERTOS_Init  freertos.o
    0x08006b60   0x08006b60   0x00000100   Code   RO          278    i.MX_GPIO_Init      gpio.o
    0x08006c60   0x08006c60   0x00000058   Code   RO          441    i.MX_I2C1_Init      i2c.o
    0x08006cb8   0x08006cb8   0x00000058   Code   RO          501    i.MX_SPI4_Init      spi.o
    0x08006d10   0x08006d10   0x000000d0   Code   RO          546    i.MX_TIM23_Init     tim.o
    0x08006de0   0x08006de0   0x00000064   Code   RO          547    i.MX_TIM2_Init      tim.o
    0x08006e44   0x08006e44   0x00000068   Code   RO          548    i.MX_TIM3_Init      tim.o
    0x08006eac   0x08006eac   0x00000068   Code   RO          549    i.MX_TIM4_Init      tim.o
    0x08006f14   0x08006f14   0x00000068   Code   RO          550    i.MX_TIM5_Init      tim.o
    0x08006f7c   0x08006f7c   0x0000004c   Code   RO          551    i.MX_TIM6_Init      tim.o
    0x08006fc8   0x08006fc8   0x00000048   Code   RO          552    i.MX_TIM7_Init      tim.o
    0x08007010   0x08007010   0x00000068   Code   RO          639    i.MX_USART1_UART_Init  usart.o
    0x08007078   0x08007078   0x00000068   Code   RO          640    i.MX_USART2_UART_Init  usart.o
    0x080070e0   0x080070e0   0x00000068   Code   RO          641    i.MX_USART3_UART_Init  usart.o
    0x08007148   0x08007148   0x00000002   Code   RO          699    i.MemManage_Handler  stm32h7xx_it.o
    0x0800714a   0x0800714a   0x00000002   Code   RO          700    i.NMI_Handler       stm32h7xx_it.o
    0x0800714c   0x0800714c   0x00000120   Code   RO         2332    i.RCCEx_PLL2_Config  stm32h7xx_hal_rcc_ex.o
    0x0800726c   0x0800726c   0x00000120   Code   RO         2333    i.RCCEx_PLL3_Config  stm32h7xx_hal_rcc_ex.o
    0x0800738c   0x0800738c   0x000000bc   Code   RO         4496    i.SPI_CloseTransfer  stm32h7xx_hal_spi.o
    0x08007448   0x08007448   0x00000046   Code   RO         4513    i.SPI_WaitOnFlagUntilTimeout  stm32h7xx_hal_spi.o
    0x0800748e   0x0800748e   0x00000008   Code   RO          307    i.StartDefaultTask  freertos.o
    0x08007496   0x08007496   0x0000001a   Code   RO         7071    i.SysTick_Handler   cmsis_os2.o
    0x080074b0   0x080074b0   0x00000098   Code   RO           15    i.SystemClock_Config  main.o
    0x08007548   0x08007548   0x000000d8   Code   RO         5334    i.SystemInit        system_stm32h7xx.o
    0x08007620   0x08007620   0x0000000c   Code   RO          701    i.TIM17_IRQHandler  stm32h7xx_it.o
    0x0800762c   0x0800762c   0x0000000c   Code   RO          702    i.TIM2_IRQHandler   stm32h7xx_it.o
    0x08007638   0x08007638   0x0000000c   Code   RO          703    i.TIM3_IRQHandler   stm32h7xx_it.o
    0x08007644   0x08007644   0x0000000c   Code   RO          704    i.TIM4_IRQHandler   stm32h7xx_it.o
    0x08007650   0x08007650   0x0000000c   Code   RO          705    i.TIM5_IRQHandler   stm32h7xx_it.o
    0x0800765c   0x0800765c   0x000000e0   Code   RO          985    i.TIM_Base_SetConfig  stm32h7xx_hal_tim.o
    0x0800773c   0x0800773c   0x0000001a   Code   RO          986    i.TIM_CCxChannelCmd  stm32h7xx_hal_tim.o
    0x08007756   0x08007756   0x00000012   Code   RO          996    i.TIM_ETR_SetConfig  stm32h7xx_hal_tim.o
    0x08007768   0x08007768   0x00000014   Code   RO          997    i.TIM_ITRx_SetConfig  stm32h7xx_hal_tim.o
    0x0800777c   0x0800777c   0x000000a4   Code   RO          998    i.TIM_OC1_SetConfig  stm32h7xx_hal_tim.o
    0x08007820   0x08007820   0x00000098   Code   RO          999    i.TIM_OC2_SetConfig  stm32h7xx_hal_tim.o
    0x080078b8   0x080078b8   0x00000098   Code   RO         1000    i.TIM_OC3_SetConfig  stm32h7xx_hal_tim.o
    0x08007950   0x08007950   0x00000078   Code   RO         1001    i.TIM_OC4_SetConfig  stm32h7xx_hal_tim.o
    0x080079c8   0x080079c8   0x00000074   Code   RO         1002    i.TIM_OC5_SetConfig  stm32h7xx_hal_tim.o
    0x08007a3c   0x08007a3c   0x00000074   Code   RO         1003    i.TIM_OC6_SetConfig  stm32h7xx_hal_tim.o
    0x08007ab0   0x08007ab0   0x00000022   Code   RO         1005    i.TIM_TI1_ConfigInputStage  stm32h7xx_hal_tim.o
    0x08007ad2   0x08007ad2   0x00000024   Code   RO         1007    i.TIM_TI2_ConfigInputStage  stm32h7xx_hal_tim.o
    0x08007af6   0x08007af6   0x00000002   PAD
    0x08007af8   0x08007af8   0x00000044   Code   RO         5228    i.UARTEx_SetNbDataToProcess  stm32h7xx_hal_uart_ex.o
    0x08007b3c   0x08007b3c   0x000000c8   Code   RO         4837    i.UART_AdvFeatureConfig  stm32h7xx_hal_uart.o
    0x08007c04   0x08007c04   0x000000aa   Code   RO         4838    i.UART_CheckIdleState  stm32h7xx_hal_uart.o
    0x08007cae   0x08007cae   0x00000010   Code   RO         4839    i.UART_DMAAbortOnError  stm32h7xx_hal_uart.o
    0x08007cbe   0x08007cbe   0x0000004e   Code   RO         4840    i.UART_DMAError     stm32h7xx_hal_uart.o
    0x08007d0c   0x08007d0c   0x00000082   Code   RO         4841    i.UART_DMAReceiveCplt  stm32h7xx_hal_uart.o
    0x08007d8e   0x08007d8e   0x00000020   Code   RO         4843    i.UART_DMARxHalfCplt  stm32h7xx_hal_uart.o
    0x08007dae   0x08007dae   0x00000002   PAD
    0x08007db0   0x08007db0   0x00000054   Code   RO         4849    i.UART_EndRxTransfer  stm32h7xx_hal_uart.o
    0x08007e04   0x08007e04   0x0000002e   Code   RO         4850    i.UART_EndTxTransfer  stm32h7xx_hal_uart.o
    0x08007e32   0x08007e32   0x00000002   PAD
    0x08007e34   0x08007e34   0x000003dc   Code   RO         4855    i.UART_SetConfig    stm32h7xx_hal_uart.o
    0x08008210   0x08008210   0x000000a8   Code   RO         4856    i.UART_Start_Receive_DMA  stm32h7xx_hal_uart.o
    0x080082b8   0x080082b8   0x00000094   Code   RO         4862    i.UART_WaitOnFlagUntilTimeout  stm32h7xx_hal_uart.o
    0x0800834c   0x0800834c   0x0000000c   Code   RO          706    i.USART1_IRQHandler  stm32h7xx_it.o
    0x08008358   0x08008358   0x0000000c   Code   RO          707    i.USART2_IRQHandler  stm32h7xx_it.o
    0x08008364   0x08008364   0x0000000c   Code   RO          708    i.USART3_IRQHandler  stm32h7xx_it.o
    0x08008370   0x08008370   0x00000002   Code   RO          709    i.UsageFault_Handler  stm32h7xx_it.o
    0x08008372   0x08008372   0x00000002   PAD
    0x08008374   0x08008374   0x00000024   Code   RO         7742    i.__0vsprintf       mc_w.l(printfa.o)
    0x08008398   0x08008398   0x00000022   Code   RO         1930    i.__NVIC_SetPriority  stm32h7xx_hal_cortex.o
    0x080083ba   0x080083ba   0x0000000e   Code   RO         7807    i.__scatterload_copy  mc_w.l(handlers.o)
    0x080083c8   0x080083c8   0x00000002   Code   RO         7808    i.__scatterload_null  mc_w.l(handlers.o)
    0x080083ca   0x080083ca   0x0000000e   Code   RO         7809    i.__scatterload_zeroinit  mc_w.l(handlers.o)
    0x080083d8   0x080083d8   0x00000184   Code   RO         7743    i._fp_digits        mc_w.l(printfa.o)
    0x0800855c   0x0800855c   0x000006dc   Code   RO         7744    i._printf_core      mc_w.l(printfa.o)
    0x08008c38   0x08008c38   0x00000024   Code   RO         7745    i._printf_post_padding  mc_w.l(printfa.o)
    0x08008c5c   0x08008c5c   0x0000002e   Code   RO         7746    i._printf_pre_padding  mc_w.l(printfa.o)
    0x08008c8a   0x08008c8a   0x0000000a   Code   RO         7748    i._sputc            mc_w.l(printfa.o)
    0x08008c94   0x08008c94   0x00000014   Code   RO          308    i.aht20_task        freertos.o
    0x08008ca8   0x08008ca8   0x000000c0   Code   RO         5375    i.bsp_init          bsp_system.o
    0x08008d68   0x08008d68   0x000000dc   Code   RO         5850    i.calculate_speed   motor_370.o
    0x08008e44   0x08008e44   0x0000000a   Code   RO          309    i.cam_task          freertos.o
    0x08008e4e   0x08008e4e   0x00000034   Code   RO         5428    i.camera_JPEG_init  camera_run.o
    0x08008e82   0x08008e82   0x00000002   PAD
    0x08008e84   0x08008e84   0x0000004c   Code   RO         5851    i.car_init          motor_370.o
    0x08008ed0   0x08008ed0   0x0000010c   Code   RO         5852    i.control_motor_speed  motor_370.o
    0x08008fdc   0x08008fdc   0x000000d4   Code   RO         5853    i.control_motor_sta  motor_370.o
    0x080090b0   0x080090b0   0x00000148   Code   RO           16    i.main              main.o
    0x080091f8   0x080091f8   0x0000005c   Code   RO         5854    i.motor_proc        motor_370.o
    0x08009254   0x08009254   0x0000000c   Code   RO          310    i.motor_task        freertos.o
    0x08009260   0x08009260   0x0000003c   Code   RO         5522    i.mydelay_us        mytim.o
    0x0800929c   0x0800929c   0x00000054   Code   RO         5491    i.myspi_send        myspi.o
    0x080092f0   0x080092f0   0x00000030   Code   RO         5552    i.myusart_transmit  myusart.o
    0x08009320   0x08009320   0x0000001c   Code   RO         7073    i.osDelay           cmsis_os2.o
    0x0800933c   0x0800933c   0x00000024   Code   RO         7087    i.osKernelInitialize  cmsis_os2.o
    0x08009360   0x08009360   0x00000038   Code   RO         7090    i.osKernelStart     cmsis_os2.o
    0x08009398   0x08009398   0x00000060   Code   RO         7115    i.osSemaphoreAcquire  cmsis_os2.o
    0x080093f8   0x080093f8   0x00000098   Code   RO         7118    i.osSemaphoreNew    cmsis_os2.o
    0x08009490   0x08009490   0x0000005c   Code   RO         7119    i.osSemaphoreRelease  cmsis_os2.o
    0x080094ec   0x080094ec   0x00000050   Code   RO         7122    i.osThreadFlagsClear  cmsis_os2.o
    0x0800953c   0x0800953c   0x00000074   Code   RO         7124    i.osThreadFlagsSet  cmsis_os2.o
    0x080095b0   0x080095b0   0x00000098   Code   RO         7125    i.osThreadFlagsWait  cmsis_os2.o
    0x08009648   0x08009648   0x00000090   Code   RO         7132    i.osThreadNew       cmsis_os2.o
    0x080096d8   0x080096d8   0x0000006a   Code   RO         5595    i.ov5640_auto_focus_continuance  ov5640.o
    0x08009742   0x08009742   0x00000002   PAD
    0x08009744   0x08009744   0x000000b4   Code   RO         5596    i.ov5640_auto_focus_init  ov5640.o
    0x080097f8   0x080097f8   0x00000024   Code   RO         5429    i.ov5640_dcmi_init  camera_run.o
    0x0800981c   0x0800981c   0x000000d0   Code   RO         5430    i.ov5640_dcmi_start  camera_run.o
    0x080098ec   0x080098ec   0x00000098   Code   RO         5431    i.ov5640_dcmi_stop  camera_run.o
    0x08009984   0x08009984   0x00000080   Code   RO         5599    i.ov5640_init       ov5640.o
    0x08009a04   0x08009a04   0x0000001e   Code   RO         5602    i.ov5640_read_reg   ov5640.o
    0x08009a22   0x08009a22   0x00000002   PAD
    0x08009a24   0x08009a24   0x0000004c   Code   RO         5611    i.ov5640_set_output_format  ov5640.o
    0x08009a70   0x08009a70   0x000000bc   Code   RO         5612    i.ov5640_set_output_size  ov5640.o
    0x08009b2c   0x08009b2c   0x0000000a   Code   RO         5617    i.ov5640_write_reg  ov5640.o
    0x08009b36   0x08009b36   0x0000007e   Code   RO         5855    i.pid_compute       motor_370.o
    0x08009bb4   0x08009bb4   0x00000040   Code   RO         5856    i.pid_init          motor_370.o
    0x08009bf4   0x08009bf4   0x0000005c   Code   RO         6532    i.prvAddCurrentTaskToDelayedList  tasks.o
    0x08009c50   0x08009c50   0x000000d0   Code   RO         6533    i.prvAddNewTaskToReadyList  tasks.o
    0x08009d20   0x08009d20   0x00000058   Code   RO         6897    i.prvCheckForValidListAndQueue  timers.o
    0x08009d78   0x08009d78   0x00000026   Code   RO         6129    i.prvCopyDataFromQueue  queue.o
    0x08009d9e   0x08009d9e   0x0000006c   Code   RO         6130    i.prvCopyDataToQueue  queue.o
    0x08009e0a   0x08009e0a   0x00000034   Code   RO         6534    i.prvDeleteTCB      tasks.o
    0x08009e3e   0x08009e3e   0x00000002   PAD
    0x08009e40   0x08009e40   0x00000050   Code   RO         7584    i.prvHeapInit       heap_4.o
    0x08009e90   0x08009e90   0x00000060   Code   RO         6535    i.prvIdleTask       tasks.o
    0x08009ef0   0x08009ef0   0x00000022   Code   RO         6132    i.prvInitialiseNewQueue  queue.o
    0x08009f12   0x08009f12   0x000000b0   Code   RO         6536    i.prvInitialiseNewTask  tasks.o
    0x08009fc2   0x08009fc2   0x00000002   PAD
    0x08009fc4   0x08009fc4   0x0000004c   Code   RO         7585    i.prvInsertBlockIntoFreeList  heap_4.o
    0x0800a010   0x0800a010   0x0000003c   Code   RO         6899    i.prvInsertTimerInActiveList  timers.o
    0x0800a04c   0x0800a04c   0x0000001c   Code   RO         6133    i.prvIsQueueEmpty   queue.o
    0x0800a068   0x0800a068   0x000000f8   Code   RO         6900    i.prvProcessReceivedCommands  timers.o
    0x0800a160   0x0800a160   0x000000c0   Code   RO         6901    i.prvProcessTimerOrBlockTask  timers.o
    0x0800a220   0x0800a220   0x00000020   Code   RO         6538    i.prvResetNextTaskUnblockTime  tasks.o
    0x0800a240   0x0800a240   0x00000028   Code   RO         6902    i.prvSampleTimeNow  timers.o
    0x0800a268   0x0800a268   0x0000006c   Code   RO         6903    i.prvSwitchTimerLists  timers.o
    0x0800a2d4   0x0800a2d4   0x00000028   Code   RO         7640    i.prvTaskExitError  port.o
    0x0800a2fc   0x0800a2fc   0x00000024   Code   RO         6904    i.prvTimerTask      timers.o
    0x0800a320   0x0800a320   0x0000006a   Code   RO         6134    i.prvUnlockQueue    queue.o
    0x0800a38a   0x0800a38a   0x00000002   PAD
    0x0800a38c   0x0800a38c   0x000000dc   Code   RO         7586    i.pvPortMalloc      heap_4.o
    0x0800a468   0x0800a468   0x00000018   Code   RO         6541    i.pvTaskIncrementMutexHeldCount  tasks.o
    0x0800a480   0x0800a480   0x00000030   Code   RO         7641    i.pxPortInitialiseStack  port.o
    0x0800a4b0   0x0800a4b0   0x00000024   Code   RO         5788    i.sccb_2_phase_read  ov5640_sccb.o
    0x0800a4d4   0x0800a4d4   0x00000026   Code   RO         5789    i.sccb_2_phase_write  ov5640_sccb.o
    0x0800a4fa   0x0800a4fa   0x0000002e   Code   RO         5790    i.sccb_3_phase_write  ov5640_sccb.o
    0x0800a528   0x0800a528   0x00000088   Code   RO         5792    i.sccb_read_byte    ov5640_sccb.o
    0x0800a5b0   0x0800a5b0   0x00000044   Code   RO         5793    i.sccb_start        ov5640_sccb.o
    0x0800a5f4   0x0800a5f4   0x00000040   Code   RO         5794    i.sccb_stop         ov5640_sccb.o
    0x0800a634   0x0800a634   0x00000088   Code   RO         5795    i.sccb_write_byte   ov5640_sccb.o
    0x0800a6bc   0x0800a6bc   0x0000002c   Code   RO         5492    i.send_jpeg_data_spi  myspi.o
    0x0800a6e8   0x0800a6e8   0x00000010   Code   RO         5857    i.set_car_speed     motor_370.o
    0x0800a6f8   0x0800a6f8   0x00000068   Code   RO         5858    i.set_whell_speed   motor_370.o
    0x0800a760   0x0800a760   0x0000000c   Code   RO          311    i.uart_task         freertos.o
    0x0800a76c   0x0800a76c   0x0000039c   Code   RO         5553    i.usart_proc        myusart.o
    0x0800ab08   0x0800ab08   0x00000026   Code   RO         6089    i.uxListRemove      list.o
    0x0800ab2e   0x0800ab2e   0x00000002   PAD
    0x0800ab30   0x0800ab30   0x00000018   Code   RO         7144    i.vApplicationGetIdleTaskMemory  cmsis_os2.o
    0x0800ab48   0x0800ab48   0x00000018   Code   RO         7145    i.vApplicationGetTimerTaskMemory  cmsis_os2.o
    0x0800ab60   0x0800ab60   0x00000016   Code   RO         6090    i.vListInitialise   list.o
    0x0800ab76   0x0800ab76   0x00000006   Code   RO         6091    i.vListInitialiseItem  list.o
    0x0800ab7c   0x0800ab7c   0x00000030   Code   RO         6092    i.vListInsert       list.o
    0x0800abac   0x0800abac   0x00000018   Code   RO         6093    i.vListInsertEnd    list.o
    0x0800abc4   0x0800abc4   0x00000040   Code   RO         7643    i.vPortEnterCritical  port.o
    0x0800ac04   0x0800ac04   0x00000028   Code   RO         7644    i.vPortExitCritical  port.o
    0x0800ac2c   0x0800ac2c   0x00000064   Code   RO         7587    i.vPortFree         heap_4.o
    0x0800ac90   0x0800ac90   0x00000024   Code   RO         7645    i.vPortSetupTimerInterrupt  port.o
    0x0800acb4   0x0800acb4   0x00000054   Code   RO         7646    i.vPortValidateInterruptPriority  port.o
    0x0800ad08   0x0800ad08   0x00000028   Code   RO         6140    i.vQueueAddToRegistry  queue.o
    0x0800ad30   0x0800ad30   0x0000002e   Code   RO         6141    i.vQueueDelete      queue.o
    0x0800ad5e   0x0800ad5e   0x00000002   PAD
    0x0800ad60   0x0800ad60   0x00000028   Code   RO         6143    i.vQueueUnregisterQueue  queue.o
    0x0800ad88   0x0800ad88   0x00000044   Code   RO         6144    i.vQueueWaitForMessageRestricted  queue.o
    0x0800adcc   0x0800adcc   0x0000004c   Code   RO         6551    i.vTaskDelay        tasks.o
    0x0800ae18   0x0800ae18   0x00000010   Code   RO         6556    i.vTaskInternalSetTimeOutState  tasks.o
    0x0800ae28   0x0800ae28   0x0000000c   Code   RO         6557    i.vTaskMissedYield  tasks.o
    0x0800ae34   0x0800ae34   0x00000030   Code   RO         6559    i.vTaskPlaceOnEventList  tasks.o
    0x0800ae64   0x0800ae64   0x00000038   Code   RO         6560    i.vTaskPlaceOnEventListRestricted  tasks.o
    0x0800ae9c   0x0800ae9c   0x00000090   Code   RO         6562    i.vTaskPriorityDisinheritAfterTimeout  tasks.o
    0x0800af2c   0x0800af2c   0x00000088   Code   RO         6568    i.vTaskStartScheduler  tasks.o
    0x0800afb4   0x0800afb4   0x00000010   Code   RO         6570    i.vTaskSuspendAll   tasks.o
    0x0800afc4   0x0800afc4   0x00000064   Code   RO         6571    i.vTaskSwitchContext  tasks.o
    0x0800b028   0x0800b028   0x000000f4   Code   RO         7647    i.xPortStartScheduler  port.o
    0x0800b11c   0x0800b11c   0x0000002c   Code   RO         7648    i.xPortSysTickHandler  port.o
    0x0800b148   0x0800b148   0x0000003a   Code   RO         6145    i.xQueueCreateCountingSemaphore  queue.o
    0x0800b182   0x0800b182   0x00000040   Code   RO         6146    i.xQueueCreateCountingSemaphoreStatic  queue.o
    0x0800b1c2   0x0800b1c2   0x00000042   Code   RO         6149    i.xQueueGenericCreate  queue.o
    0x0800b204   0x0800b204   0x00000066   Code   RO         6150    i.xQueueGenericCreateStatic  queue.o
    0x0800b26a   0x0800b26a   0x00000002   PAD
    0x0800b26c   0x0800b26c   0x00000094   Code   RO         6151    i.xQueueGenericReset  queue.o
    0x0800b300   0x0800b300   0x00000160   Code   RO         6152    i.xQueueGenericSend  queue.o
    0x0800b460   0x0800b460   0x000000be   Code   RO         6153    i.xQueueGenericSendFromISR  queue.o
    0x0800b51e   0x0800b51e   0x0000009c   Code   RO         6156    i.xQueueGiveFromISR  queue.o
    0x0800b5ba   0x0800b5ba   0x00000002   PAD
    0x0800b5bc   0x0800b5bc   0x0000013c   Code   RO         6162    i.xQueueReceive     queue.o
    0x0800b6f8   0x0800b6f8   0x0000009c   Code   RO         6163    i.xQueueReceiveFromISR  queue.o
    0x0800b794   0x0800b794   0x0000017c   Code   RO         6164    i.xQueueSemaphoreTake  queue.o
    0x0800b910   0x0800b910   0x00000078   Code   RO         6573    i.xTaskCheckForTimeOut  tasks.o
    0x0800b988   0x0800b988   0x0000005a   Code   RO         6574    i.xTaskCreate       tasks.o
    0x0800b9e2   0x0800b9e2   0x00000056   Code   RO         6575    i.xTaskCreateStatic  tasks.o
    0x0800ba38   0x0800ba38   0x000000e0   Code   RO         6576    i.xTaskGenericNotify  tasks.o
    0x0800bb18   0x0800bb18   0x00000104   Code   RO         6577    i.xTaskGenericNotifyFromISR  tasks.o
    0x0800bc1c   0x0800bc1c   0x0000000c   Code   RO         6578    i.xTaskGetCurrentTaskHandle  tasks.o
    0x0800bc28   0x0800bc28   0x0000001c   Code   RO         6579    i.xTaskGetSchedulerState  tasks.o
    0x0800bc44   0x0800bc44   0x0000000c   Code   RO         6580    i.xTaskGetTickCount  tasks.o
    0x0800bc50   0x0800bc50   0x000000c8   Code   RO         6582    i.xTaskIncrementTick  tasks.o
    0x0800bd18   0x0800bd18   0x0000008c   Code   RO         6584    i.xTaskNotifyWait   tasks.o
    0x0800bda4   0x0800bda4   0x0000007c   Code   RO         6585    i.xTaskPriorityDisinherit  tasks.o
    0x0800be20   0x0800be20   0x0000007c   Code   RO         6586    i.xTaskPriorityInherit  tasks.o
    0x0800be9c   0x0800be9c   0x00000070   Code   RO         6587    i.xTaskRemoveFromEventList  tasks.o
    0x0800bf0c   0x0800bf0c   0x000000c4   Code   RO         6588    i.xTaskResumeAll    tasks.o
    0x0800bfd0   0x0800bfd0   0x00000060   Code   RO         6913    i.xTimerCreateTimerTask  timers.o
    0x0800c030   0x0800c030   0x00000068   Code   RO         6914    i.xTimerGenericCommand  timers.o
    0x0800c098   0x0800c098   0x000000c4   Data   RO          312    .constdata          freertos.o
    0x0800c15c   0x0800c15c   0x00000008   Data   RO         2841    .constdata          stm32h7xx_hal_dma.o
    0x0800c164   0x0800c164   0x00000018   Data   RO         4863    .constdata          stm32h7xx_hal_uart.o
    0x0800c17c   0x0800c17c   0x00000010   Data   RO         5229    .constdata          stm32h7xx_hal_uart_ex.o
    0x0800c18c   0x0800c18c   0x00000010   Data   RO         5335    .constdata          system_stm32h7xx.o
    0x0800c19c   0x0800c19c   0x00000049   Data   RO          313    .conststring        freertos.o
    0x0800c1e5   0x0800c1e5   0x00000003   PAD
    0x0800c1e8   0x0800c1e8   0x00000020   Data   RO         7805    Region$$Table       anon$$obj.o


    Execution Region RW_IRAM2 (Exec base: 0x24000000, Load base: 0x0800c208, Size: 0x0003ca88, Max: 0x00070000, ABSOLUTE, COMPRESSED[0x000011a0])

    Exec Addr    Load Addr    Size         Type   Attr      Idx    E Section Name        Object

    0x24000000   COMPRESSED   0x00000018   Data   RW          314    .data               freertos.o
    0x24000018   COMPRESSED   0x0000000c   Data   RW         3573    .data               stm32h7xx_hal.o
    0x24000024   COMPRESSED   0x00000008   Data   RW         5336    .data               system_stm32h7xx.o
    0x2400002c   COMPRESSED   0x00000010   Data   RW         5435    .data               camera_run.o
    0x2400003c   COMPRESSED   0x0000033c   Data   RW         5758    .data               ov5640_cfg.o
    0x24000378   COMPRESSED   0x000000b4   Data   RW         5759    .data               ov5640_cfg.o
    0x2400042c   COMPRESSED   0x000000a4   Data   RW         5760    .data               ov5640_cfg.o
    0x240004d0   COMPRESSED   0x00000fed   Data   RW         5761    .data               ov5640_cfg.o
    0x240014bd   COMPRESSED   0x00000003   PAD
    0x240014c0   COMPRESSED   0x00000010   Data   RW         5860    .data               motor_370.o
    0x240014d0   COMPRESSED   0x00000008   Data   RW         5930    .data               aht20.o
    0x240014d8   COMPRESSED   0x0000003c   Data   RW         6591    .data               tasks.o
    0x24001514   COMPRESSED   0x00000014   Data   RW         6922    .data               timers.o
    0x24001528   COMPRESSED   0x00000004   Data   RW         7147    .data               cmsis_os2.o
    0x2400152c   COMPRESSED   0x00000020   Data   RW         7593    .data               heap_4.o
    0x2400154c   COMPRESSED   0x0000000c   Data   RW         7649    .data               port.o
    0x24001558        -       0x000000c8   Zero   RW          376    .bss                dcmi.o
    0x24001620        -       0x00000054   Zero   RW          442    .bss                i2c.o
    0x24001674        -       0x00000088   Zero   RW          502    .bss                spi.o
    0x240016fc        -       0x00000214   Zero   RW          553    .bss                tim.o
    0x24001910        -       0x00000324   Zero   RW          642    .bss                usart.o
    0x24001c34        -       0x0000004c   Zero   RW          854    .bss                stm32h7xx_hal_timebase_tim.o
    0x24001c80        -       0x00032000   Zero   RW         5432    .bss                camera_run.o
    0x24033c80        -       0x000002bc   Zero   RW         5554    .bss                myusart.o
    0x24033f3c        -       0x000000c8   Zero   RW         5555    .bss                myusart.o
    0x24034004        -       0x0000000c   Zero   RW         5618    .bss                ov5640.o
    0x24034010        -       0x000001a0   Zero   RW         5859    .bss                motor_370.o
    0x240341b0        -       0x00000040   Zero   RW         6166    .bss                queue.o
    0x240341f0        -       0x000004c4   Zero   RW         6590    .bss                tasks.o
    0x240346b4        -       0x00000118   Zero   RW         6921    .bss                timers.o
    0x240347cc        -       0x000006b8   Zero   RW         7146    .bss                cmsis_os2.o
    0x24034e84        -       0x00003c00   Zero   RW         7592    .bss                heap_4.o
    0x24038a84   COMPRESSED   0x00000004   PAD
    0x24038a88        -       0x00004000   Zero   RW            1    STACK               startup_stm32h723xx.o


==============================================================================

Image component sizes


      Code (inc. data)   RO Data    RW Data    ZI Data      Debug   Object Name

       296         52          0          8          0       1553   aht20.o
       192         50          0          0          0       4023   bsp_system.o
       764         70          0         16     204800       5003   camera_run.o
      1026         38          0          4       1720      78126   cmsis_os2.o
       400         48          0          0        200       2216   dcmi.o
        92          4          0          0          0       1002   dma.o
         0          0          0          0          0      19596   event_groups.o
       178         28        269         24          0       4649   freertos.o
       256         14          0          0          0       1303   gpio.o
       476         24          0         32      15360       5215   heap_4.o
       224         26          0          0         84       2041   i2c.o
       138          0          0          0          0       3902   list.o
       504         44          0          0          0    1277435   main.o
      1178        122          0         16        416       9293   motor_370.o
       128         10          0          0          0       1926   myspi.o
       364         38          0          0          0       1882   mytim.o
      1056        166          0          0        900       3851   myusart.o
       718         24          0          0         12       6548   ov5640.o
         0          0          0       5249          0       1307   ov5640_cfg.o
       524         18          0          0          0       5166   ov5640_sccb.o
       790         84          0         12          0      12093   port.o
      2496         30          0          0         64      27544   queue.o
       268         22          0          0        136       2081   spi.o
        44         12        716          0      16384        868   startup_stm32h723xx.o
       156         32          0         12          0      23314   stm32h7xx_hal.o
       316         28          0          0          0      41440   stm32h7xx_hal_cortex.o
       834         22          0          0          0       7419   stm32h7xx_hal_dcmi.o
      5980        242          8          0          0      12490   stm32h7xx_hal_dma.o
      1432         56          0          0          0       3613   stm32h7xx_hal_dma_ex.o
       560         44          0          0          0       3147   stm32h7xx_hal_gpio.o
      1642         38          0          0          0      12330   stm32h7xx_hal_i2c.o
       172          0          0          0          0       2211   stm32h7xx_hal_i2c_ex.o
        36          4          0          0          0       1026   stm32h7xx_hal_msp.o
        84          6          0          0          0        829   stm32h7xx_hal_pwr_ex.o
      2466        110          0          0          0       8169   stm32h7xx_hal_rcc.o
      3622        112          0          0          0       8105   stm32h7xx_hal_rcc_ex.o
      1216         14          0          0          0       5038   stm32h7xx_hal_spi.o
      3406        346          0          0          0      24004   stm32h7xx_hal_tim.o
       190         38          0          0          0       3468   stm32h7xx_hal_tim_ex.o
       132         22          0          0         76       1704   stm32h7xx_hal_timebase_tim.o
      3274        160         24          0          0      36136   stm32h7xx_hal_uart.o
       364          6         16          0          0       6789   stm32h7xx_hal_uart_ex.o
       168         78          0          0          0       9635   stm32h7xx_it.o
         0          0          0          0          0        384   stream_buffer.o
       244         38         16          8          0       2149   system_stm32h7xx.o
      3012        238          0         60       1220      35508   tasks.o
      1400        126          0          0        532       8106   tim.o
       972         84          0         20        280      32879   timers.o
       844         66          0          0        804       4061   usart.o

    ----------------------------------------------------------------------
     44690       2834       1084       5464     242992    1772577   Object Totals
         0          0         32          0          0          0   (incl. Generated)
        56          0          3          3          4          0   (incl. Padding)

    ----------------------------------------------------------------------

      Code (inc. data)   RO Data    RW Data    ZI Data      Debug   Library Member Name

        94          0          0          0          0          0   __dclz77c.o
         0          0          0          0          0          0   entry.o
         0          0          0          0          0          0   entry10a.o
         0          0          0          0          0          0   entry11a.o
         8          4          0          0          0          0   entry2.o
         4          0          0          0          0          0   entry5.o
         0          0          0          0          0          0   entry7b.o
         0          0          0          0          0          0   entry8b.o
         8          4          0          0          0          0   entry9a.o
        30          0          0          0          0          0   handlers.o
        36          8          0          0          0         68   init.o
         0          0          0          0          0          0   iusefp.o
        30          0          0          0          0         68   llshl.o
        36          0          0          0          0         68   llsshr.o
        32          0          0          0          0         68   llushr.o
        36          0          0          0          0         68   memcpya.o
        36          0          0          0          0        108   memseta.o
      2272         86          0          0          0        516   printfa.o
        28          0          0          0          0         76   strcmp.o
        14          0          0          0          0         68   strlen.o
        24          0          0          0          0         76   strncpy.o
        44          0          0          0          0         80   uidiv.o
        98          0          0          0          0         92   uldiv.o
        48          0          0          0          0         68   cdrcmple.o
       334          0          0          0          0        148   dadd.o
       222          0          0          0          0        100   ddiv.o
       186          0          0          0          0        176   depilogue.o
        48          0          0          0          0         68   dfixul.o
       228          0          0          0          0         96   dmul.o

    ----------------------------------------------------------------------
      3898        102          0          0          0       2012   Library Totals
         2          0          0          0          0          0   (incl. Padding)

    ----------------------------------------------------------------------

      Code (inc. data)   RO Data    RW Data    ZI Data      Debug   Library Name

      2830        102          0          0          0       1356   mc_w.l
      1066          0          0          0          0        656   mf_w.l

    ----------------------------------------------------------------------
      3898        102          0          0          0       2012   Library Totals

    ----------------------------------------------------------------------

==============================================================================


      Code (inc. data)   RO Data    RW Data    ZI Data      Debug   

     48588       2936       1084       5464     242992    1744433   Grand Totals
     48588       2936       1084       4512     242992    1744433   ELF Image Totals (compressed)
     48588       2936       1084       4512          0          0   ROM Totals

==============================================================================

    Total RO  Size (Code + RO Data)                49672 (  48.51kB)
    Total RW  Size (RW Data + ZI Data)            248456 ( 242.63kB)
    Total ROM Size (Code + RO Data + RW Data)      54184 (  52.91kB)

==============================================================================

